<html>
<body>
<pre>
<h1>µVision3 Build Log</h1>
<h2>Project:</h2>
C:\Documents and Settings\Administrator\×ÀÃæ\code for experiment 5-8\code for experiment 5-8\5.2_LED_Test\LED_Test.uv2
Project File Date:  12/09/2020

<h2>Output:</h2>
Build target 'LED_Test IN FLASH'
assembling S3C2410A.s...
compiling main.c...
compiling led_test.c...
compiling 2410lib.c...
compiling sys_init.c...
linking...
Program Size: Code=16000 RO-data=756 RW-data=16 ZI-data=47200  
FromELF: creating hex file...
".\NOR FLASH\LED_Test.axf" - 0 Error(s), 0 Warning(s).
