Component: ARM Compiler 5.06 update 6 (build 750) Tool: armlink [4d35ed]

==============================================================================

Section Cross References

    s3c2410a.o(STACK) refers (Special) to heapauxi.o(.text) for __use_two_region_memory
    s3c2410a.o(HEAP) refers (Special) to heapauxi.o(.text) for __use_two_region_memory
    s3c2410a.o(RESET) refers (Special) to heapauxi.o(.text) for __use_two_region_memory
    s3c2410a.o(RESET) refers to s3c2410a.o(STACK) for Stack_Top
    s3c2410a.o(RESET) refers to __main.o(!!!main) for __main
    s3c2410a.o(.text) refers (Special) to heapauxi.o(.text) for __use_two_region_memory
    s3c2410a.o(.text) refers to s3c2410a.o(HEAP) for Heap_Mem
    s3c2410a.o(.text) refers to s3c2410a.o(STACK) for Stack_Mem
    main.o(.text) refers to sys_init.o(.text) for sys_init
    main.o(.text) refers to led_test.o(.text) for led_test
    led_test.o(.text) refers to 2410lib.o(.text) for uart_printf
    2410lib.o(.text) refers to dflt_noclz.o(x$fpl$dflt) for __aeabi_i2d
    2410lib.o(.text) refers to ddiv.o(x$fpl$ddiv) for __aeabi_ddiv
    2410lib.o(.text) refers to daddsub_noclz.o(x$fpl$dadd) for __aeabi_dadd
    2410lib.o(.text) refers to dfix.o(x$fpl$dfix) for __aeabi_d2iz
    2410lib.o(.text) refers to aeabi_sdiv.o(.text) for __aeabi_idivmod
    2410lib.o(.text) refers to c89vsprintf.o(.text) for __c89vsprintf
    2410lib.o(.text) refers to strlen.o(.text) for strlen
    2410lib.o(.text) refers to atoi.o(.text) for atoi
    2410lib.o(.text) refers to rt_ctype_table.o(.text) for __rt_ctype_table
    2410lib.o(.text) refers to 2410lib.o(.data) for delayLoopCount
    sys_init.o(.text) refers to 2410lib.o(.text) for uart_printf
    sys_init.o(.text) refers to sys_init.o(.data) for nCNT
    sys_init.o(.text) refers to sys_init.o(.conststring) for .conststring
    rt_ctype_table.o(.text) refers to rt_locale_intlibspace.o(.text) for __rt_locale
    rt_ctype_table.o(.text) refers to lc_ctype_c.o(locale$$code) for _get_lc_ctype
    c89vsprintf.o(.text) refers (Special) to _printf_a.o(.ARM.Collect$$_printf_percent$$00000006) for _printf_a
    c89vsprintf.o(.text) refers (Special) to _printf_c.o(.ARM.Collect$$_printf_percent$$00000013) for _printf_c
    c89vsprintf.o(.text) refers (Special) to _printf_charcount.o(.text) for _printf_charcount
    c89vsprintf.o(.text) refers (Special) to _printf_d.o(.ARM.Collect$$_printf_percent$$00000009) for _printf_d
    c89vsprintf.o(.text) refers (Special) to _printf_e.o(.ARM.Collect$$_printf_percent$$00000004) for _printf_e
    c89vsprintf.o(.text) refers (Special) to _printf_f.o(.ARM.Collect$$_printf_percent$$00000003) for _printf_f
    c89vsprintf.o(.text) refers (Special) to printf1.o(x$fpl$printf1) for _printf_fp_dec
    c89vsprintf.o(.text) refers (Special) to _printf_g.o(.ARM.Collect$$_printf_percent$$00000005) for _printf_g
    c89vsprintf.o(.text) refers (Special) to _printf_i.o(.ARM.Collect$$_printf_percent$$00000008) for _printf_i
    c89vsprintf.o(.text) refers (Special) to _printf_dec.o(.text) for _printf_int_dec
    c89vsprintf.o(.text) refers (Special) to _printf_l.o(.ARM.Collect$$_printf_percent$$00000012) for _printf_l
    c89vsprintf.o(.text) refers (Special) to _printf_lc.o(.ARM.Collect$$_printf_percent$$00000015) for _printf_lc
    c89vsprintf.o(.text) refers (Special) to _printf_ll.o(.ARM.Collect$$_printf_percent$$00000007) for _printf_ll
    c89vsprintf.o(.text) refers (Special) to _printf_lld.o(.ARM.Collect$$_printf_percent$$0000000E) for _printf_lld
    c89vsprintf.o(.text) refers (Special) to _printf_lli.o(.ARM.Collect$$_printf_percent$$0000000D) for _printf_lli
    c89vsprintf.o(.text) refers (Special) to _printf_llo.o(.ARM.Collect$$_printf_percent$$00000010) for _printf_llo
    c89vsprintf.o(.text) refers (Special) to _printf_llu.o(.ARM.Collect$$_printf_percent$$0000000F) for _printf_llu
    c89vsprintf.o(.text) refers (Special) to _printf_llx.o(.ARM.Collect$$_printf_percent$$00000011) for _printf_llx
    c89vsprintf.o(.text) refers (Special) to _printf_longlong_dec.o(.text) for _printf_longlong_dec
    c89vsprintf.o(.text) refers (Special) to _printf_hex_int_ll_ptr.o(.text) for _printf_longlong_hex
    c89vsprintf.o(.text) refers (Special) to _printf_oct_int_ll.o(.text) for _printf_longlong_oct
    c89vsprintf.o(.text) refers (Special) to _printf_ls.o(.ARM.Collect$$_printf_percent$$00000016) for _printf_ls
    c89vsprintf.o(.text) refers (Special) to _printf_n.o(.ARM.Collect$$_printf_percent$$00000001) for _printf_n
    c89vsprintf.o(.text) refers (Special) to _printf_o.o(.ARM.Collect$$_printf_percent$$0000000B) for _printf_o
    c89vsprintf.o(.text) refers (Special) to _printf_p.o(.ARM.Collect$$_printf_percent$$00000002) for _printf_p
    c89vsprintf.o(.text) refers (Special) to _printf_percent.o(.ARM.Collect$$_printf_percent$$00000000) for _printf_percent
    c89vsprintf.o(.text) refers (Special) to _printf_pad.o(.text) for _printf_post_padding
[...]
    ../clib/angel/sysapp.c                   0x00000000   Number         0  sys_exit.o ABSOLUTE
    ../clib/angel/sysapp.c                   0x00000000   Number         0  sys_wrch.o ABSOLUTE
    ../clib/angel/sysapp.c                   0x00000000   Number         0  sys_command.o ABSOLUTE
    ../clib/armsys.c                         0x00000000   Number         0  argv_veneer.o ABSOLUTE
    ../clib/armsys.c                         0x00000000   Number         0  no_argv.o ABSOLUTE
    ../clib/armsys.c                         0x00000000   Number         0  _get_argv_nomalloc.o ABSOLUTE
    ../clib/armsys.c                         0x00000000   Number         0  argv_veneer.o ABSOLUTE
    ../clib/bigflt.c                         0x00000000   Number         0  bigflt0.o ABSOLUTE
    ../clib/btod.s                           0x00000000   Number         0  btod.o ABSOLUTE
    ../clib/division.s                       0x00000000   Number         0  rtudiv10.o ABSOLUTE
    ../clib/division.s                       0x00000000   Number         0  aeabi_sdiv.o ABSOLUTE
    ../clib/division.s                       0x00000000   Number         0  aeabi_sdiv_div0.o ABSOLUTE
    ../clib/divrt.s                          0x00000000   Number         0  divrt_7tdmi_div0.o ABSOLUTE
    ../clib/divrt.s                          0x00000000   Number         0  divrt_7tdmi.o ABSOLUTE
    ../clib/heapalloc.c                      0x00000000   Number         0  hrguard.o ABSOLUTE
    ../clib/heapaux.c                        0x00000000   Number         0  heapauxi.o ABSOLUTE
    ../clib/libinit.s                        0x00000000   Number         0  libshutdown2.o ABSOLUTE
    ../clib/libinit.s                        0x00000000   Number         0  libinit2.o ABSOLUTE
    ../clib/libinit.s                        0x00000000   Number         0  libinit.o ABSOLUTE
    ../clib/libinit.s                        0x00000000   Number         0  libshutdown.o ABSOLUTE
    ../clib/locale.c                         0x00000000   Number         0  _wcrtomb.o ABSOLUTE
    ../clib/locale.s                         0x00000000   Number         0  lc_ctype_c.o ABSOLUTE
    ../clib/locale.s                         0x00000000   Number         0  lc_numeric_c.o ABSOLUTE
    ../clib/longlong.s                       0x00000000   Number         0  lludiv10.o ABSOLUTE
    ../clib/memcpset.s                       0x00000000   Number         0  strcmp.o ABSOLUTE
    ../clib/misc.s                           0x00000000   Number         0  printf_stubs.o ABSOLUTE
    ../clib/printf.c                         0x00000000   Number         0  _printf_hex_int.o ABSOLUTE
    ../clib/printf.c                         0x00000000   Number         0  _printf_fp_dec.o ABSOLUTE
    ../clib/printf.c                         0x00000000   Number         0  _printf_hex_int_ll.o ABSOLUTE
    ../clib/printf.c                         0x00000000   Number         0  _printf_intcommon.o ABSOLUTE
    ../clib/printf.c                         0x00000000   Number         0  _printf_hex_ptr.o ABSOLUTE
    ../clib/printf.c                         0x00000000   Number         0  _printf_hex_int_ptr.o ABSOLUTE
    ../clib/printf.c                         0x00000000   Number         0  _printf_hex_ll_ptr.o ABSOLUTE
    ../clib/printf.c                         0x00000000   Number         0  _printf_hex_int_ll_ptr.o ABSOLUTE
    ../clib/printf.c                         0x00000000   Number         0  __printf_flags.o ABSOLUTE
    ../clib/printf.c                         0x00000000   Number         0  __printf_ss.o ABSOLUTE
    ../clib/printf.c                         0x00000000   Number         0  __printf_flags_ss.o ABSOLUTE
    ../clib/printf.c                         0x00000000   Number         0  __printf_wp.o ABSOLUTE
    ../clib/printf.c                         0x00000000   Number         0  __printf_flags_wp.o ABSOLUTE
    ../clib/printf.c                         0x00000000   Number         0  __printf_ss_wp.o ABSOLUTE
    ../clib/printf.c                         0x00000000   Number         0  __printf_flags_ss_wp.o ABSOLUTE
    ../clib/printf.c                         0x00000000   Number         0  _printf_fp_infnan.o ABSOLUTE
    ../clib/printf.c                         0x00000000   Number         0  _printf_wchar.o ABSOLUTE
    ../clib/printf.c                         0x00000000   Number         0  _printf_char.o ABSOLUTE
    ../clib/printf.c                         0x00000000   Number         0  c89vsprintf.o ABSOLUTE
    ../clib/printf.c                         0x00000000   Number         0  __printf.o ABSOLUTE
    ../clib/printf.c                         0x00000000   Number         0  _printf_pad.o ABSOLUTE
    ../clib/printf.c                         0x00000000   Number         0  __printf_nopercent.o ABSOLUTE
    ../clib/printf.c                         0x00000000   Number         0  _printf_truncate.o ABSOLUTE
    ../clib/printf.c                         0x00000000   Number         0  _printf_str.o ABSOLUTE
    ../clib/printf.c                         0x00000000   Number         0  _printf_dec.o ABSOLUTE
    ../clib/printf.c                         0x00000000   Number         0  _printf_charcount.o ABSOLUTE
    ../clib/printf.c                         0x00000000   Number         0  _printf_char_common.o ABSOLUTE
    ../clib/printf.c                         0x00000000   Number         0  _sputc.o ABSOLUTE
    ../clib/printf.c                         0x00000000   Number         0  _printf_wctomb.o ABSOLUTE
    ../clib/printf.c                         0x00000000   Number         0  _printf_longlong_dec.o ABSOLUTE
    ../clib/printf.c                         0x00000000   Number         0  _printf_oct_ll.o ABSOLUTE
    ../clib/printf.c                         0x00000000   Number         0  _printf_oct_int.o ABSOLUTE
    ../clib/printf.c                         0x00000000   Number         0  _printf_oct_int_ll.o ABSOLUTE
    ../clib/printf.c                         0x00000000   Number         0  _printf_hex_ll.o ABSOLUTE
    ../clib/printf_percent.s                 0x00000000   Number         0  _printf_a.o ABSOLUTE
    ../clib/printf_percent.s                 0x00000000   Number         0  _printf_percent.o ABSOLUTE
    ../clib/printf_percent.s                 0x00000000   Number         0  _printf_lli.o ABSOLUTE
    ../clib/printf_percent.s                 0x00000000   Number         0  _printf_lld.o ABSOLUTE
    ../clib/printf_percent.s                 0x00000000   Number         0  _printf_llu.o ABSOLUTE
    ../clib/printf_percent.s                 0x00000000   Number         0  _printf_ll.o ABSOLUTE
    ../clib/printf_percent.s                 0x00000000   Number         0  _printf_l.o ABSOLUTE
    ../clib/printf_percent.s                 0x00000000   Number         0  _printf_lc.o ABSOLUTE
    ../clib/printf_percent.s                 0x00000000   Number         0  _printf_percent_end.o ABSOLUTE
    ../clib/printf_percent.s                 0x00000000   Number         0  _printf_ls.o ABSOLUTE
    ../clib/printf_percent.s                 0x00000000   Number         0  _printf_llo.o ABSOLUTE
    ../clib/printf_percent.s                 0x00000000   Number         0  _printf_d.o ABSOLUTE
    ../clib/printf_percent.s                 0x00000000   Number         0  _printf_llx.o ABSOLUTE
    ../clib/printf_percent.s                 0x00000000   Number         0  _printf_i.o ABSOLUTE
    ../clib/printf_percent.s                 0x00000000   Number         0  _printf_o.o ABSOLUTE
    ../clib/printf_percent.s                 0x00000000   Number         0  _printf_u.o ABSOLUTE
    ../clib/printf_percent.s                 0x00000000   Number         0  _printf_p.o ABSOLUTE
    ../clib/printf_percent.s                 0x00000000   Number         0  _printf_n.o ABSOLUTE
    ../clib/printf_percent.s                 0x00000000   Number         0  _printf_x.o ABSOLUTE
    ../clib/printf_percent.s                 0x00000000   Number         0  _printf_c.o ABSOLUTE
    ../clib/printf_percent.s                 0x00000000   Number         0  _printf_s.o ABSOLUTE
    ../clib/printf_percent.s                 0x00000000   Number         0  _printf_f.o ABSOLUTE
    ../clib/printf_percent.s                 0x00000000   Number         0  _printf_e.o ABSOLUTE
    ../clib/printf_percent.s                 0x00000000   Number         0  _printf_g.o ABSOLUTE
    ../clib/scanf.c                          0x00000000   Number         0  _strtoul.o ABSOLUTE
    ../clib/scanf.c                          0x00000000   Number         0  strtol.o ABSOLUTE
    ../clib/scanf.c                          0x00000000   Number         0  atoi.o ABSOLUTE
    ../clib/scanf.c                          0x00000000   Number         0  _chval.o ABSOLUTE
    ../clib/signal.c                         0x00000000   Number         0  __raise.o ABSOLUTE
    ../clib/signal.c                         0x00000000   Number         0  defsig_exit.o ABSOLUTE
    ../clib/signal.c                         0x00000000   Number         0  defsig_rtred_inner.o ABSOLUTE
    ../clib/signal.c                         0x00000000   Number         0  defsig_rtmem_inner.o ABSOLUTE
    ../clib/signal.c                         0x00000000   Number         0  defsig_stak_inner.o ABSOLUTE
    ../clib/signal.c                         0x00000000   Number         0  defsig_pvfn_inner.o ABSOLUTE
    ../clib/signal.c                         0x00000000   Number         0  defsig_cppl_inner.o ABSOLUTE
    ../clib/signal.c                         0x00000000   Number         0  defsig_rtmem_formal.o ABSOLUTE
    ../clib/signal.c                         0x00000000   Number         0  defsig_rtmem_outer.o ABSOLUTE
    ../clib/signal.c                         0x00000000   Number         0  defsig_other.o ABSOLUTE
    ../clib/signal.c                         0x00000000   Number         0  defsig_segv_inner.o ABSOLUTE
    ../clib/signal.c                         0x00000000   Number         0  defsig_fpe_outer.o ABSOLUTE
    ../clib/signal.c                         0x00000000   Number         0  defsig_abrt_inner.o ABSOLUTE
    ../clib/signal.c                         0x00000000   Number         0  defsig_fpe_formal.o ABSOLUTE
    ../clib/signal.c                         0x00000000   Number         0  defsig_general.o ABSOLUTE
    ../clib/signal.c                         0x00000000   Number         0  defsig_fpe_inner.o ABSOLUTE
    ../clib/signal.s                         0x00000000   Number         0  defsig.o ABSOLUTE
    ../clib/stdlib.c                         0x00000000   Number         0  exit.o ABSOLUTE
    ../clib/string.c                         0x00000000   Number         0  strlen.o ABSOLUTE
    ../fplib/daddsub.s                       0x00000000   Number         0  daddsub_noclz.o ABSOLUTE
    ../fplib/ddiv.s                          0x00000000   Number         0  ddiv.o ABSOLUTE
    ../fplib/dfix.s                          0x00000000   Number         0  dfix.o ABSOLUTE
    ../fplib/dflt.s                          0x00000000   Number         0  dflt_noclz.o ABSOLUTE
    ../fplib/dnaninf.s                       0x00000000   Number         0  dnaninf.o ABSOLUTE
    ../fplib/dretinf.s                       0x00000000   Number         0  dretinf.o ABSOLUTE
    ../fplib/fpinit.s                        0x00000000   Number         0  fpinit.o ABSOLUTE
    ../fplib/istatus.s                       0x00000000   Number         0  istatus.o ABSOLUTE
    ../fplib/printf1.s                       0x00000000   Number         0  printf1.o ABSOLUTE
    ../fplib/usenofp.s                       0x00000000   Number         0  usenofp.o ABSOLUTE
    ../mathlib/fpclassify.c                  0x00000000   Number         0  fpclassify.o ABSOLUTE
    ..\common\src\2410lib.c                  0x00000000   Number         0  2410lib.o ABSOLUTE
    ..\common\src\sys_init.c                 0x00000000   Number         0  sys_init.o ABSOLUTE
    S3C2410A.s                               0x00000000   Number         0  s3c2410a.o ABSOLUTE
    Source\led_test.c                        0x00000000   Number         0  led_test.o ABSOLUTE
    Source\main.c                            0x00000000   Number         0  main.o ABSOLUTE
    dc.s                                     0x00000000   Number         0  dc.o ABSOLUTE
    RESET                                    0x30000000   Section      500  s3c2410a.o(RESET)
    Undef_Handler                            0x30000064   ARM Code       4  s3c2410a.o(RESET)
    SWI_Handler                              0x30000068   ARM Code       4  s3c2410a.o(RESET)
    PAbt_Handler                             0x3000006c   ARM Code       4  s3c2410a.o(RESET)
    DAbt_Handler                             0x30000070   ARM Code       4  s3c2410a.o(RESET)
    IRQ_Handler                              0x30000074   ARM Code       4  s3c2410a.o(RESET)
    FIQ_Handler                              0x30000078   ARM Code       4  s3c2410a.o(RESET)
    !!!main                                  0x300001f4   Section        8  __main.o(!!!main)
    !!!scatter                               0x300001fc   Section       60  __scatter.o(!!!scatter)
    !!handler_copy                           0x30000238   Section       40  __scatter_copy.o(!!handler_copy)
    !!handler_zi                             0x30000260   Section       44  __scatter_zi.o(!!handler_zi)
    .ARM.Collect$$_printf_percent$$00000000  0x30000290   Section        0  _printf_percent.o(.ARM.Collect$$_printf_percent$$00000000)
    .ARM.Collect$$_printf_percent$$00000001  0x30000290   Section        8  _printf_n.o(.ARM.Collect$$_printf_percent$$00000001)
    .ARM.Collect$$_printf_percent$$00000002  0x30000298   Section        8  _printf_p.o(.ARM.Collect$$_printf_percent$$00000002)
    .ARM.Collect$$_printf_percent$$00000003  0x300002a0   Section        8  _printf_f.o(.ARM.Collect$$_printf_percent$$00000003)
    .ARM.Collect$$_printf_percent$$00000004  0x300002a8   Section        8  _printf_e.o(.ARM.Collect$$_printf_percent$$00000004)
    .ARM.Collect$$_printf_percent$$00000005  0x300002b0   Section        8  _printf_g.o(.ARM.Collect$$_printf_percent$$00000005)
    .ARM.Collect$$_printf_percent$$00000006  0x300002b8   Section        8  _printf_a.o(.ARM.Collect$$_printf_percent$$00000006)
    .ARM.Collect$$_printf_percent$$00000007  0x300002c0   Section       12  _printf_ll.o(.ARM.Collect$$_printf_percent$$00000007)
    .ARM.Collect$$_printf_percent$$00000008  0x300002cc   Section        8  _printf_i.o(.ARM.Collect$$_printf_percent$$00000008)
    .ARM.Collect$$_printf_percent$$00000009  0x300002d4   Section        8  _printf_d.o(.ARM.Collect$$_printf_percent$$00000009)
    .ARM.Collect$$_printf_percent$$0000000A  0x300002dc   Section        8  _printf_u.o(.ARM.Collect$$_printf_percent$$0000000A)
    .ARM.Collect$$_printf_percent$$0000000B  0x300002e4   Section        8  _printf_o.o(.ARM.Collect$$_printf_percent$$0000000B)
    .ARM.Collect$$_printf_percent$$0000000C  0x300002ec   Section        8  _printf_x.o(.ARM.Collect$$_printf_percent$$0000000C)
    .ARM.Collect$$_printf_percent$$0000000D  0x300002f4   Section        8  _printf_lli.o(.ARM.Collect$$_printf_percent$$0000000D)
    .ARM.Collect$$_printf_percent$$0000000E  0x300002fc   Section        8  _printf_lld.o(.ARM.Collect$$_printf_percent$$0000000E)
    .ARM.Collect$$_printf_percent$$0000000F  0x30000304   Section        8  _printf_llu.o(.ARM.Collect$$_printf_percent$$0000000F)
    .ARM.Collect$$_printf_percent$$00000010  0x3000030c   Section        8  _printf_llo.o(.ARM.Collect$$_printf_percent$$00000010)
    .ARM.Collect$$_printf_percent$$00000011  0x30000314   Section        8  _printf_llx.o(.ARM.Collect$$_printf_percent$$00000011)
    .ARM.Collect$$_printf_percent$$00000012  0x3000031c   Section       12  _printf_l.o(.ARM.Collect$$_printf_percent$$00000012)
    .ARM.Collect$$_printf_percent$$00000013  0x30000328   Section        8  _printf_c.o(.ARM.Collect$$_printf_percent$$00000013)
    .ARM.Collect$$_printf_percent$$00000014  0x30000330   Section        8  _printf_s.o(.ARM.Collect$$_printf_percent$$00000014)
    .ARM.Collect$$_printf_percent$$00000015  0x30000338   Section        8  _printf_lc.o(.ARM.Collect$$_printf_percent$$00000015)
    .ARM.Collect$$_printf_percent$$00000016  0x30000340   Section        8  _printf_ls.o(.ARM.Collect$$_printf_percent$$00000016)
    .ARM.Collect$$_printf_percent$$00000017  0x30000348   Section        8  _printf_percent_end.o(.ARM.Collect$$_printf_percent$$00000017)
    .ARM.Collect$$libinit$$00000000          0x30000358   Section        2  libinit.o(.ARM.Collect$$libinit$$00000000)
    .ARM.Collect$$libinit$$00000002          0x3000035a   Section        0  libinit2.o(.ARM.Collect$$libinit$$00000002)
    .ARM.Collect$$libinit$$00000004          0x3000035a   Section        0  libinit2.o(.ARM.Collect$$libinit$$00000004)
    .ARM.Collect$$libinit$$0000000A          0x3000035a   Section        0  libinit2.o(.ARM.Collect$$libinit$$0000000A)
    .ARM.Collect$$libinit$$0000000C          0x3000035a   Section        0  libinit2.o(.ARM.Collect$$libinit$$0000000C)
    .ARM.Collect$$libinit$$0000000E          0x3000035a   Section        0  libinit2.o(.ARM.Collect$$libinit$$0000000E)
    .ARM.Collect$$libinit$$0000000F          0x3000035a   Section        6  libinit2.o(.ARM.Collect$$libinit$$0000000F)
    .ARM.Collect$$libinit$$00000011          0x30000360   Section        0  libinit2.o(.ARM.Collect$$libinit$$00000011)
    .ARM.Collect$$libinit$$00000012          0x30000360   Section       12  libinit2.o(.ARM.Collect$$libinit$$00000012)
    .ARM.Collect$$libinit$$00000013          0x3000036c   Section        0  libinit2.o(.ARM.Collect$$libinit$$00000013)
    .ARM.Collect$$libinit$$00000015          0x3000036c   Section        0  libinit2.o(.ARM.Collect$$libinit$$00000015)
    .ARM.Collect$$libinit$$00000016          0x3000036c   Section       10  libinit2.o(.ARM.Collect$$libinit$$00000016)
    .ARM.Collect$$libinit$$00000017          0x30000376   Section        0  libinit2.o(.ARM.Collect$$libinit$$00000017)
    .ARM.Collect$$libinit$$00000019          0x30000376   Section        0  libinit2.o(.ARM.Collect$$libinit$$00000019)
    .ARM.Collect$$libinit$$0000001B          0x30000376   Section        0  libinit2.o(.ARM.Collect$$libinit$$0000001B)
    .ARM.Collect$$libinit$$0000001D          0x30000376   Section        0  libinit2.o(.ARM.Collect$$libinit$$0000001D)
    .ARM.Collect$$libinit$$0000001F          0x30000376   Section        0  libinit2.o(.ARM.Collect$$libinit$$0000001F)
    .ARM.Collect$$libinit$$00000021          0x30000376   Section        0  libinit2.o(.ARM.Collect$$libinit$$00000021)
    .ARM.Collect$$libinit$$00000023          0x30000376   Section        0  libinit2.o(.ARM.Collect$$libinit$$00000023)
    .ARM.Collect$$libinit$$00000025          0x30000376   Section        0  libinit2.o(.ARM.Collect$$libinit$$00000025)
    .ARM.Collect$$libinit$$0000002C          0x30000376   Section        0  libinit2.o(.ARM.Collect$$libinit$$0000002C)
    .ARM.Collect$$libinit$$0000002E          0x30000376   Section        0  libinit2.o(.ARM.Collect$$libinit$$0000002E)
    .ARM.Collect$$libinit$$00000030          0x30000376   Section        0  libinit2.o(.ARM.Collect$$libinit$$00000030)
    .ARM.Collect$$libinit$$00000032          0x30000376   Section        0  libinit2.o(.ARM.Collect$$libinit$$00000032)
    .ARM.Collect$$libinit$$00000033          0x30000376   Section       12  libinit2.o(.ARM.Collect$$libinit$$00000033)
    .ARM.Collect$$libshutdown$$00000000      0x3000038c   Section        4  libshutdown.o(.ARM.Collect$$libshutdown$$00000000)
    .ARM.Collect$$libshutdown$$00000002      0x30000390   Section        0  libshutdown2.o(.ARM.Collect$$libshutdown$$00000002)
    .ARM.Collect$$libshutdown$$00000004      0x30000390   Section        0  libshutdown2.o(.ARM.Collect$$libshutdown$$00000004)
    .ARM.Collect$$libshutdown$$00000007      0x30000390   Section        0  libshutdown2.o(.ARM.Collect$$libshutdown$$00000007)
    .ARM.Collect$$libshutdown$$0000000A      0x30000390   Section        0  libshutdown2.o(.ARM.Collect$$libshutdown$$0000000A)
    .ARM.Collect$$libshutdown$$0000000C      0x30000390   Section        0  libshutdown2.o(.ARM.Collect$$libshutdown$$0000000C)
    .ARM.Collect$$libshutdown$$0000000F      0x30000390   Section        0  libshutdown2.o(.ARM.Collect$$libshutdown$$0000000F)
    .ARM.Collect$$libshutdown$$00000010      0x30000390   Section        6  libshutdown2.o(.ARM.Collect$$libshutdown$$00000010)
    .ARM.Collect$$rtentry$$00000000          0x30000398   Section        0  __rtentry.o(.ARM.Collect$$rtentry$$00000000)
    .ARM.Collect$$rtentry$$00000002          0x30000398   Section        0  __rtentry2.o(.ARM.Collect$$rtentry$$00000002)
    .ARM.Collect$$rtentry$$00000004          0x30000398   Section        8  __rtentry4.o(.ARM.Collect$$rtentry$$00000004)
    .ARM.Collect$$rtentry$$00000009          0x300003a0   Section        0  __rtentry2.o(.ARM.Collect$$rtentry$$00000009)
    .ARM.Collect$$rtentry$$0000000A          0x300003a0   Section        4  __rtentry2.o(.ARM.Collect$$rtentry$$0000000A)
    .ARM.Collect$$rtentry$$0000000C          0x300003a4   Section        0  __rtentry2.o(.ARM.Collect$$rtentry$$0000000C)
    .ARM.Collect$$rtentry$$0000000D          0x300003a4   Section       40  __rtentry2.o(.ARM.Collect$$rtentry$$0000000D)
    .ARM.Collect$$rtexit$$00000000           0x300003d0   Section        4  rtexit.o(.ARM.Collect$$rtexit$$00000000)
    .ARM.Collect$$rtexit$$00000002           0x300003d4   Section        0  rtexit2.o(.ARM.Collect$$rtexit$$00000002)
    .ARM.Collect$$rtexit$$00000003           0x300003d4   Section        4  rtexit2.o(.ARM.Collect$$rtexit$$00000003)
    .ARM.Collect$$rtexit$$00000004           0x300003d8   Section        8  rtexit2.o(.ARM.Collect$$rtexit$$00000004)
    .text                                    0x300003e0   Section       36  s3c2410a.o(.text)
    .text                                    0x30000404   Section        0  main.o(.text)
    .text                                    0x30000414   Section        0  led_test.o(.text)
    .text                                    0x3000052c   Section        0  2410lib.o(.text)
    .text                                    0x30001070   Section        0  sys_init.o(.text)
    .text                                    0x300014e8   Section       24  rt_ctype_table.o(.text)
    .text                                    0x30001508   Section        0  c89vsprintf.o(.text)
    .text                                    0x30001538   Section        0  atoi.o(.text)
    .text                                    0x30001560   Section        0  strlen.o(.text)
    .text                                    0x300015a8   Section      384  aeabi_sdiv.o(.text)
    __arm_div8                               0x300015d4   ARM Code       0  aeabi_sdiv.o(.text)
    __arm_div5                               0x300015f8   ARM Code       0  aeabi_sdiv.o(.text)
    __arm_div2                               0x3000161c   ARM Code       0  aeabi_sdiv.o(.text)
    __arm_div_large                          0x30001658   ARM Code       0  aeabi_sdiv.o(.text)
    .text                                    0x30001728   Section        0  heapauxi.o(.text)
    .text                                    0x30001734   Section       12  rt_locale_intlibspace.o(.text)
    .text                                    0x30001744   Section       12  rt_errno_addr_intlibspace.o(.text)
    .text                                    0x30001750   Section        0  _printf_pad.o(.text)
    .text                                    0x300017a6   Section        0  _printf_truncate.o(.text)
    .text                                    0x300017d2   Section        0  _printf_str.o(.text)
    .text                                    0x30001834   Section        0  _printf_dec.o(.text)
    .text                                    0x300018ac   Section        0  _printf_charcount.o(.text)
    .text                                    0x300018d4   Section        0  _printf_char_common.o(.text)
    _printf_input_char                       0x300018d5   Thumb Code    10  _printf_char_common.o(.text)
    .text                                    0x30001904   Section        0  _sputc.o(.text)
    .text                                    0x30001910   Section        0  _printf_wctomb.o(.text)
    .text                                    0x300019d8   Section        0  _printf_longlong_dec.o(.text)
    .text                                    0x30001a54   Section        0  _printf_oct_int_ll.o(.text)
    _printf_longlong_oct_internal            0x30001a55   Thumb Code     0  _printf_oct_int_ll.o(.text)
    .text                                    0x30001ad4   Section        0  _printf_hex_int_ll_ptr.o(.text)
    _printf_hex_common                       0x30001ad5   Thumb Code     0  _printf_hex_int_ll_ptr.o(.text)
    .text                                    0x30001b74   Section        0  __printf_flags_ss_wp.o(.text)
    .text                                    0x30001d10   Section        0  strtol.o(.text)
    .text                                    0x30001d84   Section       12  libspace.o(.text)
    .text                                    0x30001d94   Section      160  lludiv10.o(.text)
    .text                                    0x30001e34   Section        0  _printf_intcommon.o(.text)
    .text                                    0x30001ef0   Section        0  _printf_fp_dec.o(.text)
    _fp_digits                               0x30001ef3   Thumb Code   414  _printf_fp_dec.o(.text)
    .text                                    0x30002318   Section        0  _printf_char.o(.text)
    .text                                    0x30002354   Section        0  _printf_wchar.o(.text)
    .text                                    0x30002386   Section        0  _strtoul.o(.text)
    .text                                    0x30002432   Section        0  _wcrtomb.o(.text)
    .text                                    0x30002478   Section      244  strcmp.o(.text)
    .text                                    0x30002570   Section       44  rtudiv10.o(.text)
    .text                                    0x3000259c   Section       96  sys_stackheap_outer.o(.text)
    .text                                    0x300025fc   Section        0  _printf_fp_infnan.o(.text)
    .text                                    0x3000268c   Section        0  _chval.o(.text)
    .text                                    0x300026ac   Section        0  bigflt0.o(.text)
    .text                                    0x30002788   Section        0  exit.o(.text)
    .text                                    0x300027a4   Section        0  sys_exit.o(.text)
    .text                                    0x300027b0   Section        4  use_no_semi.o(.text)
    .text                                    0x300027b4   Section        0  indicate_semi.o(.text)
    CL$$btod_d2e                             0x300027b8   Section       56  btod.o(CL$$btod_d2e)
    CL$$btod_d2e_denorm_low                  0x300027f0   Section       84  btod.o(CL$$btod_d2e_denorm_low)
    CL$$btod_d2e_norm_op1                    0x30002844   Section      104  btod.o(CL$$btod_d2e_norm_op1)
    CL$$btod_div_common                      0x300028ac   Section      844  btod.o(CL$$btod_div_common)
    CL$$btod_e2e                             0x30002bf8   Section      244  btod.o(CL$$btod_e2e)
    CL$$btod_ediv                            0x30002cf0   Section       56  btod.o(CL$$btod_ediv)
    CL$$btod_emul                            0x30002d2c   Section       56  btod.o(CL$$btod_emul)
    CL$$btod_mult_common                     0x30002d64   Section      616  btod.o(CL$$btod_mult_common)
    i.__ARM_common_call_via_r1               0x30003014   Section        0  __printf.o(i.__ARM_common_call_via_r1)
    i.__ARM_common_call_via_r2               0x30003016   Section        0  _printf_wctomb.o(i.__ARM_common_call_via_r2)
    i.__ARM_common_call_via_r3               0x30003018   Section        0  _wcrtomb.o(i.__ARM_common_call_via_r3)
    i.__ARM_fpclassify                       0x30003020   Section        0  fpclassify.o(i.__ARM_fpclassify)
    i._is_digit                              0x30003050   Section        0  __printf_wp.o(i._is_digit)
    locale$$code                             0x30003064   Section       80  lc_ctype_c.o(locale$$code)
    locale$$code                             0x300030b8   Section       80  lc_numeric_c.o(locale$$code)
    x$fpl$dadd                               0x30003108   Section      340  daddsub_noclz.o(x$fpl$dadd)
    _dadd1                                   0x30003118   ARM Code       0  daddsub_noclz.o(x$fpl$dadd)
    x$fpl$ddiv                               0x3000325c   Section      736  ddiv.o(x$fpl$ddiv)
    ddiv_entry                               0x30003264   ARM Code       0  ddiv.o(x$fpl$ddiv)
    x$fpl$dfix                               0x3000353c   Section      112  dfix.o(x$fpl$dfix)
    x$fpl$dflt                               0x300035ac   Section       88  dflt_noclz.o(x$fpl$dflt)
    x$fpl$dnaninf                            0x30003604   Section      192  dnaninf.o(x$fpl$dnaninf)
    x$fpl$dretinf                            0x300036c4   Section       16  dretinf.o(x$fpl$dretinf)
    x$fpl$dsub                               0x300036d4   Section      580  daddsub_noclz.o(x$fpl$dsub)
    _dsub1                                   0x300036e4   ARM Code       0  daddsub_noclz.o(x$fpl$dsub)
    x$fpl$ieeestatus                         0x3000391c   Section        8  istatus.o(x$fpl$ieeestatus)
    x$fpl$printf1                            0x30003924   Section        4  printf1.o(x$fpl$printf1)
    .constdata                               0x30003928   Section        8  _printf_wctomb.o(.constdata)
    x$fpl$usenofp                            0x30003928   Section        0  usenofp.o(x$fpl$usenofp)
    initial_mbstate                          0x30003928   Data           8  _printf_wctomb.o(.constdata)
    .constdata                               0x30003930   Section       40  _printf_hex_int_ll_ptr.o(.constdata)
    uc_hextab                                0x30003930   Data          20  _printf_hex_int_ll_ptr.o(.constdata)
    lc_hextab                                0x30003944   Data          20  _printf_hex_int_ll_ptr.o(.constdata)
    .constdata                               0x30003958   Section       17  __printf_flags_ss_wp.o(.constdata)
    maptable                                 0x30003958   Data          17  __printf_flags_ss_wp.o(.constdata)
    .constdata                               0x3000396c   Section      148  bigflt0.o(.constdata)
    tenpwrs_x                                0x3000396c   Data          60  bigflt0.o(.constdata)
    tenpwrs_i                                0x300039a8   Data          64  bigflt0.o(.constdata)
    .conststring                             0x30003a00   Section      214  sys_init.o(.conststring)
    locale$$data                             0x30003af8   Section      272  lc_ctype_c.o(locale$$data)
    __lcctype_c_name                         0x30003afc   Data           2  lc_ctype_c.o(locale$$data)
    __lcctype_c_start                        0x30003b04   Data           0  lc_ctype_c.o(locale$$data)
    locale$$data                             0x30003c08   Section       28  lc_numeric_c.o(locale$$data)
    __lcctype_c_end                          0x30003c08   Data           0  lc_ctype_c.o(locale$$data)
    __lcnum_c_name                           0x30003c0c   Data           2  lc_numeric_c.o(locale$$data)
    __lcnum_c_start                          0x30003c14   Data           0  lc_numeric_c.o(locale$$data)
    __lcnum_c_point                          0x30003c20   Data           0  lc_numeric_c.o(locale$$data)
    __lcnum_c_thousands                      0x30003c22   Data           0  lc_numeric_c.o(locale$$data)
    __lcnum_c_grouping                       0x30003c23   Data           0  lc_numeric_c.o(locale$$data)
    __lcnum_c_end                            0x30003c24   Data           0  lc_numeric_c.o(locale$$data)
    .data                                    0x30010000   Section        9  2410lib.o(.data)
    delayLoopCount                           0x30010000   Data           4  2410lib.o(.data)
    .data                                    0x3001000c   Section        4  sys_init.o(.data)
    .bss                                     0x30010010   Section       96  libspace.o(.bss)
    HEAP                                     0x30010070   Section    18432  s3c2410a.o(HEAP)
    Heap_Mem                                 0x30010070   Data       18432  s3c2410a.o(HEAP)
    STACK                                    0x30014870   Section    28672  s3c2410a.o(STACK)
    Stack_Mem                                0x30014870   Data       28672  s3c2410a.o(STACK)
    Stack_Top                                0x3001b870   Data           0  s3c2410a.o(STACK)

    Global Symbols

    Symbol Name                              Value     Ov Type        Size  Object(Section)

    BuildAttributes$$THM_ISAv1$ARM_ISAv4$S$PE$A:L22$X:L11$S22$IEEE1$IW$USESV6$~STKCKD$USESV7$~SHL$OTIME$ROPI$IEEEJ$EBA8$UX$STANDARDLIB$REQ8$PRES8$EABIv2 0x00000000   Number         0  anon$$obj.o ABSOLUTE
    __ARM_use_no_argv                        0x00000000   Number         0  main.o ABSOLUTE
    _printf_flags                            0x00000000   Number         0  printf_stubs.o ABSOLUTE
    _printf_return_value                     0x00000000   Number         0  printf_stubs.o ABSOLUTE
    _printf_sizespec                         0x00000000   Number         0  printf_stubs.o ABSOLUTE
    _printf_widthprec                        0x00000000   Number         0  printf_stubs.o ABSOLUTE
    __ARM_exceptions_init                     - Undefined Weak Reference
    __alloca_initialize                       - Undefined Weak Reference
    __arm_preinit_                            - Undefined Weak Reference
    __cpp_initialize__aeabi_                  - Undefined Weak Reference
    __cxa_finalize                            - Undefined Weak Reference
    __sigvec_lookup                           - Undefined Weak Reference
    _atexit_init                              - Undefined Weak Reference
    _call_atexit_fns                          - Undefined Weak Reference
    _clock_init                               - Undefined Weak Reference
    _fp_trap_init                             - Undefined Weak Reference
    _fp_trap_shutdown                         - Undefined Weak Reference
    _get_lc_collate                           - Undefined Weak Reference
    _get_lc_monetary                          - Undefined Weak Reference
    _get_lc_time                              - Undefined Weak Reference
    _getenv_init                              - Undefined Weak Reference
    _handle_redirection                       - Undefined Weak Reference
    _init_alloc                               - Undefined Weak Reference
    _init_user_alloc                          - Undefined Weak Reference
    _initio                                   - Undefined Weak Reference
    _printf_fp_hex                            - Undefined Weak Reference
    _printf_mbtowc                            - Undefined Weak Reference
    _printf_wc                                - Undefined Weak Reference
    _rand_init                                - Undefined Weak Reference
    _signal_finish                            - Undefined Weak Reference
    _signal_init                              - Undefined Weak Reference
    _terminate_alloc                          - Undefined Weak Reference
    _terminate_user_alloc                     - Undefined Weak Reference
    _terminateio                              - Undefined Weak Reference
    Reset_Handler                            0x30000104   ARM Code       0  s3c2410a.o(RESET)
    __main                                   0x300001f4   ARM Code       8  __main.o(!!!main)
    __scatterload                            0x300001fc   ARM Code       0  __scatter.o(!!!scatter)
    __scatterload_rt2                        0x300001fc   ARM Code      52  __scatter.o(!!!scatter)
    __scatterload_null                       0x30000210   ARM Code       0  __scatter.o(!!!scatter)
    __scatterload_copy                       0x30000238   ARM Code      40  __scatter_copy.o(!!handler_copy)
    __scatterload_zeroinit                   0x30000260   ARM Code      44  __scatter_zi.o(!!handler_zi)
    Inline Thumb to ARM Veneer to _printf_percent 0x3000028d   Thumb Code     4  _printf_percent.o(.ARM.Collect$$_printf_percent$$00000000)
    _printf_n                                0x30000290   ARM Code       0  _printf_n.o(.ARM.Collect$$_printf_percent$$00000001)
    _printf_percent                          0x30000290   ARM Code       0  _printf_percent.o(.ARM.Collect$$_printf_percent$$00000000)
    _printf_p                                0x30000298   ARM Code       0  _printf_p.o(.ARM.Collect$$_printf_percent$$00000002)
    _printf_f                                0x300002a0   ARM Code       0  _printf_f.o(.ARM.Collect$$_printf_percent$$00000003)
    _printf_e                                0x300002a8   ARM Code       0  _printf_e.o(.ARM.Collect$$_printf_percent$$00000004)
    _printf_g                                0x300002b0   ARM Code       0  _printf_g.o(.ARM.Collect$$_printf_percent$$00000005)
    _printf_a                                0x300002b8   ARM Code       0  _printf_a.o(.ARM.Collect$$_printf_percent$$00000006)
    _printf_ll                               0x300002c0   ARM Code       0  _printf_ll.o(.ARM.Collect$$_printf_percent$$00000007)
    _printf_i                                0x300002cc   ARM Code       0  _printf_i.o(.ARM.Collect$$_printf_percent$$00000008)
    _printf_d                                0x300002d4   ARM Code       0  _printf_d.o(.ARM.Collect$$_printf_percent$$00000009)
    _printf_u                                0x300002dc   ARM Code       0  _printf_u.o(.ARM.Collect$$_printf_percent$$0000000A)
    _printf_o                                0x300002e4   ARM Code       0  _printf_o.o(.ARM.Collect$$_printf_percent$$0000000B)
    _printf_x                                0x300002ec   ARM Code       0  _printf_x.o(.ARM.Collect$$_printf_percent$$0000000C)
    _printf_lli                              0x300002f4   ARM Code       0  _printf_lli.o(.ARM.Collect$$_printf_percent$$0000000D)
    _printf_lld                              0x300002fc   ARM Code       0  _printf_lld.o(.ARM.Collect$$_printf_percent$$0000000E)
    _printf_llu                              0x30000304   ARM Code       0  _printf_llu.o(.ARM.Collect$$_printf_percent$$0000000F)
    _printf_llo                              0x3000030c   ARM Code       0  _printf_llo.o(.ARM.Collect$$_printf_percent$$00000010)
    _printf_llx                              0x30000314   ARM Code       0  _printf_llx.o(.ARM.Collect$$_printf_percent$$00000011)
    _printf_l                                0x3000031c   ARM Code       0  _printf_l.o(.ARM.Collect$$_printf_percent$$00000012)
    _printf_c                                0x30000328   ARM Code       0  _printf_c.o(.ARM.Collect$$_printf_percent$$00000013)
    _printf_s                                0x30000330   ARM Code       0  _printf_s.o(.ARM.Collect$$_printf_percent$$00000014)
    _printf_lc                               0x30000338   ARM Code       0  _printf_lc.o(.ARM.Collect$$_printf_percent$$00000015)
    _printf_ls                               0x30000340   ARM Code       0  _printf_ls.o(.ARM.Collect$$_printf_percent$$00000016)
    _printf_percent_end                      0x30000348   ARM Code       0  _printf_percent_end.o(.ARM.Collect$$_printf_percent$$00000017)
    Inline ARM to Thumb Veneer to __rt_lib_init 0x30000350   ARM Code       8  libinit.o(.ARM.Collect$$libinit$$00000000)
    __rt_lib_init                            0x30000359   Thumb Code     0  libinit.o(.ARM.Collect$$libinit$$00000000)
    __rt_lib_init_fp_1                       0x3000035b   Thumb Code     0  libinit2.o(.ARM.Collect$$libinit$$00000002)
    __rt_lib_init_heap_1                     0x3000035b   Thumb Code     0  libinit2.o(.ARM.Collect$$libinit$$0000000A)
    __rt_lib_init_lc_common                  0x3000035b   Thumb Code     0  libinit2.o(.ARM.Collect$$libinit$$0000000F)
    __rt_lib_init_preinit_1                  0x3000035b   Thumb Code     0  libinit2.o(.ARM.Collect$$libinit$$00000004)
    __rt_lib_init_rand_1                     0x3000035b   Thumb Code     0  libinit2.o(.ARM.Collect$$libinit$$0000000E)
    __rt_lib_init_user_alloc_1               0x3000035b   Thumb Code     0  libinit2.o(.ARM.Collect$$libinit$$0000000C)
    __rt_lib_init_lc_collate_1               0x30000361   Thumb Code     0  libinit2.o(.ARM.Collect$$libinit$$00000011)
    __rt_lib_init_lc_ctype_2                 0x30000361   Thumb Code     0  libinit2.o(.ARM.Collect$$libinit$$00000012)
    __rt_lib_init_lc_ctype_1                 0x3000036d   Thumb Code     0  libinit2.o(.ARM.Collect$$libinit$$00000013)
    __rt_lib_init_lc_monetary_1              0x3000036d   Thumb Code     0  libinit2.o(.ARM.Collect$$libinit$$00000015)
    __rt_lib_init_lc_numeric_2               0x3000036d   Thumb Code     0  libinit2.o(.ARM.Collect$$libinit$$00000016)
    __rt_lib_init_alloca_1                   0x30000377   Thumb Code     0  libinit2.o(.ARM.Collect$$libinit$$0000002E)
    __rt_lib_init_argv_1                     0x30000377   Thumb Code     0  libinit2.o(.ARM.Collect$$libinit$$0000002C)
    __rt_lib_init_atexit_1                   0x30000377   Thumb Code     0  libinit2.o(.ARM.Collect$$libinit$$0000001B)
    __rt_lib_init_clock_1                    0x30000377   Thumb Code     0  libinit2.o(.ARM.Collect$$libinit$$00000021)
    __rt_lib_init_cpp_1                      0x30000377   Thumb Code     0  libinit2.o(.ARM.Collect$$libinit$$00000032)
    __rt_lib_init_exceptions_1               0x30000377   Thumb Code     0  libinit2.o(.ARM.Collect$$libinit$$00000030)
    __rt_lib_init_fp_trap_1                  0x30000377   Thumb Code     0  libinit2.o(.ARM.Collect$$libinit$$0000001F)
    __rt_lib_init_getenv_1                   0x30000377   Thumb Code     0  libinit2.o(.ARM.Collect$$libinit$$00000023)
    __rt_lib_init_lc_numeric_1               0x30000377   Thumb Code     0  libinit2.o(.ARM.Collect$$libinit$$00000017)
    __rt_lib_init_lc_time_1                  0x30000377   Thumb Code     0  libinit2.o(.ARM.Collect$$libinit$$00000019)
    __rt_lib_init_return                     0x30000377   Thumb Code     0  libinit2.o(.ARM.Collect$$libinit$$00000033)
    __rt_lib_init_signal_1                   0x30000377   Thumb Code     0  libinit2.o(.ARM.Collect$$libinit$$0000001D)
    __rt_lib_init_stdio_1                    0x30000377   Thumb Code     0  libinit2.o(.ARM.Collect$$libinit$$00000025)
    Inline ARM to Thumb Veneer to __rt_lib_shutdown 0x30000384   ARM Code       8  libshutdown.o(.ARM.Collect$$libshutdown$$00000000)
    __rt_lib_shutdown                        0x3000038d   Thumb Code     0  libshutdown.o(.ARM.Collect$$libshutdown$$00000000)
    __rt_lib_shutdown_cpp_1                  0x30000391   Thumb Code     0  libshutdown2.o(.ARM.Collect$$libshutdown$$00000002)
    __rt_lib_shutdown_fp_trap_1              0x30000391   Thumb Code     0  libshutdown2.o(.ARM.Collect$$libshutdown$$00000007)
    __rt_lib_shutdown_heap_1                 0x30000391   Thumb Code     0  libshutdown2.o(.ARM.Collect$$libshutdown$$0000000F)
    __rt_lib_shutdown_return                 0x30000391   Thumb Code     0  libshutdown2.o(.ARM.Collect$$libshutdown$$00000010)
    __rt_lib_shutdown_signal_1               0x30000391   Thumb Code     0  libshutdown2.o(.ARM.Collect$$libshutdown$$0000000A)
    __rt_lib_shutdown_stdio_1                0x30000391   Thumb Code     0  libshutdown2.o(.ARM.Collect$$libshutdown$$00000004)
    __rt_lib_shutdown_user_alloc_1           0x30000391   Thumb Code     0  libshutdown2.o(.ARM.Collect$$libshutdown$$0000000C)
    __rt_entry                               0x30000398   ARM Code       0  __rtentry.o(.ARM.Collect$$rtentry$$00000000)
    __rt_entry_presh_1                       0x30000398   ARM Code       0  __rtentry2.o(.ARM.Collect$$rtentry$$00000002)
    __rt_entry_sh                            0x30000398   ARM Code       0  __rtentry4.o(.ARM.Collect$$rtentry$$00000004)
    __rt_entry_li                            0x300003a0   ARM Code       0  __rtentry2.o(.ARM.Collect$$rtentry$$0000000A)
    __rt_entry_postsh_1                      0x300003a0   ARM Code       0  __rtentry2.o(.ARM.Collect$$rtentry$$00000009)
    __rt_entry_main                          0x300003a4   ARM Code       0  __rtentry2.o(.ARM.Collect$$rtentry$$0000000D)
    __rt_entry_postli_1                      0x300003a4   ARM Code       0  __rtentry2.o(.ARM.Collect$$rtentry$$0000000C)
    Inline Thumb to ARM Veneer to __rt_exit  0x300003cd   Thumb Code     4  rtexit.o(.ARM.Collect$$rtexit$$00000000)
    __rt_exit                                0x300003d0   ARM Code       0  rtexit.o(.ARM.Collect$$rtexit$$00000000)
    __rt_exit_ls                             0x300003d4   ARM Code       0  rtexit2.o(.ARM.Collect$$rtexit$$00000003)
    __rt_exit_prels_1                        0x300003d4   ARM Code       0  rtexit2.o(.ARM.Collect$$rtexit$$00000002)
    __rt_exit_exit                           0x300003d8   ARM Code       0  rtexit2.o(.ARM.Collect$$rtexit$$00000004)
    __user_initial_stackheap                 0x300003e0   ARM Code       0  s3c2410a.o(.text)
    main                                     0x30000404   ARM Code      16  main.o(.text)
    led_on                                   0x30000414   ARM Code     148  led_test.o(.text)
    led_test                                 0x300004a8   ARM Code      48  led_test.o(.text)
    port_init                                0x3000052c   ARM Code     160  2410lib.o(.text)
    uart_change_baud                         0x300005cc   ARM Code     216  2410lib.o(.text)
    delay                                    0x300006a4   ARM Code     180  2410lib.o(.text)
    uart_init                                0x30000758   ARM Code     492  2410lib.o(.text)
    uart_select                              0x30000944   ARM Code      12  2410lib.o(.text)
    uart_txempty                             0x30000950   ARM Code     108  2410lib.o(.text)
    uart_getch                               0x300009bc   ARM Code     164  2410lib.o(.text)
    uart_getkey                              0x30000a60   ARM Code     176  2410lib.o(.text)
    uart_sendbyte                            0x30000b10   ARM Code     348  2410lib.o(.text)
    uart_sendstring                          0x30000c6c   ARM Code      40  2410lib.o(.text)
    uart_printf                              0x30000c94   ARM Code      64  2410lib.o(.text)
    uart_getstring                           0x30000cd4   ARM Code     100  2410lib.o(.text)
    uart_getintnum                           0x30000d38   ARM Code     468  2410lib.o(.text)
    timer_start                              0x30000f0c   ARM Code      60  2410lib.o(.text)
    timer_stop                               0x30000f48   ARM Code      32  2410lib.o(.text)
    change_value_MPLL                        0x30000f68   ARM Code      24  2410lib.o(.text)
    change_clock_divider                     0x30000f80   ARM Code      16  2410lib.o(.text)
    ChangeUPllValue                          0x30000f90   ARM Code      24  2410lib.o(.text)
    EnableMMU                                0x30000fa8   ARM Code      36  2410lib.o(.text)
    InitMMU                                  0x30000fcc   ARM Code     152  2410lib.o(.text)
    __gccmain                                0x30001064   ARM Code       4  2410lib.o(.text)
    break_point                              0x30001070   ARM Code      20  sys_init.o(.text)
    debug_undef                              0x30001084   ARM Code      48  sys_init.o(.text)
    debug_swi                                0x300010b4   ARM Code      48  sys_init.o(.text)
    debug_abort_d                            0x300010e4   ARM Code      48  sys_init.o(.text)
    debug_abort_p                            0x30001114   ARM Code      48  sys_init.o(.text)
    debug_fiq                                0x30001144   ARM Code      48  sys_init.o(.text)
    interrupts_init                          0x30001174   ARM Code     608  sys_init.o(.text)
    beep_init                                0x300013d4   ARM Code      56  sys_init.o(.text)
    print_infor                              0x3000140c   ARM Code      52  sys_init.o(.text)
    sys_init                                 0x30001440   ARM Code     132  sys_init.o(.text)
    Inline Thumb to ARM Veneer to __rt_ctype_table 0x300014e5   Thumb Code     4  rt_ctype_table.o(.text)
    __rt_ctype_table                         0x300014e8   ARM Code      24  rt_ctype_table.o(.text)
    Inline ARM to Thumb Veneer to __c89vsprintf 0x30001500   ARM Code       8  c89vsprintf.o(.text)
    __c89vsprintf                            0x30001509   Thumb Code    36  c89vsprintf.o(.text)
    Inline ARM to Thumb Veneer to atoi       0x30001530   ARM Code       8  atoi.o(.text)
    atoi                                     0x30001539   Thumb Code    30  atoi.o(.text)
    Inline ARM to Thumb Veneer to strlen     0x30001558   ARM Code       8  strlen.o(.text)
    strlen                                   0x30001561   Thumb Code    64  strlen.o(.text)
    Inline Thumb to ARM Veneer to __aeabi_idivmod 0x300015a5   Thumb Code     4  aeabi_sdiv.o(.text)
    __aeabi_idiv                             0x300015a8   ARM Code       0  aeabi_sdiv.o(.text)
    __aeabi_idivmod                          0x300015a8   ARM Code     384  aeabi_sdiv.o(.text)
    __use_two_region_memory                  0x30001729   Thumb Code     2  heapauxi.o(.text)
    __rt_heap_escrow$2region                 0x3000172b   Thumb Code     2  heapauxi.o(.text)
    __rt_heap_expand$2region                 0x3000172d   Thumb Code     2  heapauxi.o(.text)
    Inline Thumb to ARM Veneer to __rt_locale 0x30001731   Thumb Code     4  rt_locale_intlibspace.o(.text)
    __rt_locale                              0x30001734   ARM Code      12  rt_locale_intlibspace.o(.text)
    Inline Thumb to ARM Veneer to __aeabi_errno_addr 0x30001741   Thumb Code     4  rt_errno_addr_intlibspace.o(.text)
    __aeabi_errno_addr                       0x30001744   ARM Code      12  rt_errno_addr_intlibspace.o(.text)
    __errno$intlibspace                      0x30001744   ARM Code       0  rt_errno_addr_intlibspace.o(.text)
    __rt_errno_addr$intlibspace              0x30001744   ARM Code       0  rt_errno_addr_intlibspace.o(.text)
    _printf_pre_padding                      0x30001751   Thumb Code    50  _printf_pad.o(.text)
    _printf_post_padding                     0x30001783   Thumb Code    36  _printf_pad.o(.text)
    _printf_truncate_signed                  0x300017a7   Thumb Code    22  _printf_truncate.o(.text)
    _printf_truncate_unsigned                0x300017bd   Thumb Code    22  _printf_truncate.o(.text)
    _printf_str                              0x300017d3   Thumb Code    88  _printf_str.o(.text)
    Inline ARM to Thumb Veneer to _printf_int_dec 0x3000182c   ARM Code       8  _printf_dec.o(.text)
    _printf_int_dec                          0x30001835   Thumb Code    94  _printf_dec.o(.text)
    Inline ARM to Thumb Veneer to _printf_charcount 0x300018a4   ARM Code       8  _printf_charcount.o(.text)
    _printf_charcount                        0x300018ad   Thumb Code    38  _printf_charcount.o(.text)
    _printf_char_common                      0x300018df   Thumb Code    34  _printf_char_common.o(.text)
    _sputc                                   0x30001905   Thumb Code    10  _sputc.o(.text)
    _printf_wctomb                           0x30001911   Thumb Code   188  _printf_wctomb.o(.text)
    Inline ARM to Thumb Veneer to _printf_longlong_dec 0x300019d0   ARM Code       8  _printf_longlong_dec.o(.text)
    _printf_longlong_dec                     0x300019d9   Thumb Code    98  _printf_longlong_dec.o(.text)
    Inline ARM to Thumb Veneer to _printf_int_oct 0x30001a4c   ARM Code       8  _printf_oct_int_ll.o(.text)
    _printf_longlong_oct                     0x30001a55   Thumb Code    72  _printf_oct_int_ll.o(.text)
    _printf_int_oct                          0x30001a9d   Thumb Code    28  _printf_oct_int_ll.o(.text)
    _printf_ll_oct                           0x30001ab9   Thumb Code    10  _printf_oct_int_ll.o(.text)
    Inline ARM to Thumb Veneer to _printf_hex_ptr 0x30001acc   ARM Code       8  _printf_hex_int_ll_ptr.o(.text)
    _printf_longlong_hex                     0x30001ad5   Thumb Code    92  _printf_hex_int_ll_ptr.o(.text)
    _printf_int_hex                          0x30001b31   Thumb Code    32  _printf_hex_int_ll_ptr.o(.text)
    _printf_ll_hex                           0x30001b51   Thumb Code    10  _printf_hex_int_ll_ptr.o(.text)
    _printf_hex_ptr                          0x30001b5b   Thumb Code    22  _printf_hex_int_ll_ptr.o(.text)
    __printf                                 0x30001b75   Thumb Code   406  __printf_flags_ss_wp.o(.text)
    strtol                                   0x30001d11   Thumb Code   112  strtol.o(.text)
    __user_libspace                          0x30001d84   ARM Code      12  libspace.o(.text)
    __user_perproc_libspace                  0x30001d84   ARM Code       0  libspace.o(.text)
    __user_perthread_libspace                0x30001d84   ARM Code       0  libspace.o(.text)
    Inline Thumb to ARM Veneer to _ll_udiv10 0x30001d91   Thumb Code     4  lludiv10.o(.text)
    _ll_udiv10                               0x30001d94   ARM Code     160  lludiv10.o(.text)
    _printf_int_common                       0x30001e35   Thumb Code   186  _printf_intcommon.o(.text)
    __lib_sel_fp_printf                      0x30001ef1   Thumb Code     2  _printf_fp_dec.o(.text)
    _printf_fp_dec_real                      0x30002091   Thumb Code   628  _printf_fp_dec.o(.text)
    Inline ARM to Thumb Veneer to _printf_char 0x30002310   ARM Code       8  _printf_char.o(.text)
    _printf_cs_common                        0x30002319   Thumb Code    26  _printf_char.o(.text)
    _printf_char                             0x30002333   Thumb Code    16  _printf_char.o(.text)
    _printf_string                           0x30002343   Thumb Code     8  _printf_char.o(.text)
    Inline ARM to Thumb Veneer to _printf_wchar 0x3000234c   ARM Code       8  _printf_wchar.o(.text)
    _printf_lcs_common                       0x30002355   Thumb Code    26  _printf_wchar.o(.text)
    _printf_wchar                            0x3000236f   Thumb Code    16  _printf_wchar.o(.text)
    _printf_wstring                          0x3000237f   Thumb Code     8  _printf_wchar.o(.text)
    _strtoul                                 0x30002387   Thumb Code   172  _strtoul.o(.text)
    _wcrtomb                                 0x30002433   Thumb Code    70  _wcrtomb.o(.text)
    strcmp                                   0x30002478   ARM Code     240  strcmp.o(.text)
    Inline Thumb to ARM Veneer to __rt_udiv10 0x3000256d   Thumb Code     4  rtudiv10.o(.text)
    __rt_udiv10                              0x30002570   ARM Code      44  rtudiv10.o(.text)
    __user_setup_stackheap                   0x3000259c   ARM Code      96  sys_stackheap_outer.o(.text)
    _printf_fp_infnan                        0x300025fd   Thumb Code   128  _printf_fp_infnan.o(.text)
    _chval                                   0x3000268d   Thumb Code    30  _chval.o(.text)
    _btod_etento                             0x300026ad   Thumb Code   214  bigflt0.o(.text)
    exit                                     0x30002789   Thumb Code    20  exit.o(.text)
    Inline ARM to Thumb Veneer to _sys_exit  0x3000279c   ARM Code       8  sys_exit.o(.text)
    _sys_exit                                0x300027a5   Thumb Code     8  sys_exit.o(.text)
    __I$use$semihosting                      0x300027b0   ARM Code       0  use_no_semi.o(.text)
    __use_no_semihosting_swi                 0x300027b0   ARM Code       4  use_no_semi.o(.text)
    Inline Thumb to ARM Veneer to _btod_d2e  0x300027b5   Thumb Code     4  btod.o(CL$$btod_d2e)
    __semihosting_library_function           0x300027b4   ARM Code       0  indicate_semi.o(.text)
    _btod_d2e                                0x300027b8   ARM Code      56  btod.o(CL$$btod_d2e)
    _d2e_denorm_low                          0x300027f0   ARM Code      84  btod.o(CL$$btod_d2e_denorm_low)
    _d2e_norm_op1                            0x30002844   ARM Code     104  btod.o(CL$$btod_d2e_norm_op1)
    __btod_div_common                        0x300028ac   ARM Code     716  btod.o(CL$$btod_div_common)
    _e2e                                     0x30002bf8   ARM Code     244  btod.o(CL$$btod_e2e)
    Inline Thumb to ARM Veneer to _btod_ediv 0x30002ced   Thumb Code     4  btod.o(CL$$btod_ediv)
    _btod_ediv                               0x30002cf0   ARM Code      56  btod.o(CL$$btod_ediv)
    Inline Thumb to ARM Veneer to _btod_emul 0x30002d29   Thumb Code     4  btod.o(CL$$btod_emul)
    _btod_emul                               0x30002d2c   ARM Code      56  btod.o(CL$$btod_emul)
    __btod_mult_common                       0x30002d64   ARM Code     616  btod.o(CL$$btod_mult_common)
    Long ARM to Thumb Veneer to _printf_int_hex 0x30002fcc   ARM Code      12  anon$$obj.o(Veneer$$Code)
    Long ARM to Thumb Veneer to _printf_ll_oct 0x30002fd8   ARM Code      12  anon$$obj.o(Veneer$$Code)
    Long ARM to Thumb Veneer to _printf_ll_hex 0x30002fe4   ARM Code      12  anon$$obj.o(Veneer$$Code)
    Long ARM to Thumb Veneer to _printf_string 0x30002ff0   ARM Code      12  anon$$obj.o(Veneer$$Code)
    Long ARM to Thumb Veneer to _printf_wstring 0x30002ffc   ARM Code      12  anon$$obj.o(Veneer$$Code)
    Long ARM to Thumb Veneer to _printf_fp_dec_real 0x30003008   ARM Code      12  anon$$obj.o(Veneer$$Code)
    __ARM_common_call_via_r1                 0x30003015   Thumb Code     2  __printf.o(i.__ARM_common_call_via_r1)
    __ARM_common_call_via_r2                 0x30003017   Thumb Code     2  _printf_wctomb.o(i.__ARM_common_call_via_r2)
    __ARM_common_call_via_r3                 0x30003019   Thumb Code     2  _wcrtomb.o(i.__ARM_common_call_via_r3)
    Inline Thumb to ARM Veneer to __ARM_fpclassify 0x3000301d   Thumb Code     4  fpclassify.o(i.__ARM_fpclassify)
    __ARM_fpclassify                         0x30003020   ARM Code      48  fpclassify.o(i.__ARM_fpclassify)
    _is_digit                                0x30003051   Thumb Code    14  __printf_wp.o(i._is_digit)
    Inline Thumb to ARM Veneer to _get_lc_ctype 0x30003061   Thumb Code     4  lc_ctype_c.o(locale$$code)
    _get_lc_ctype                            0x30003064   ARM Code      80  lc_ctype_c.o(locale$$code)
    Inline Thumb to ARM Veneer to _get_lc_numeric 0x300030b5   Thumb Code     4  lc_numeric_c.o(locale$$code)
    _get_lc_numeric                          0x300030b8   ARM Code      80  lc_numeric_c.o(locale$$code)
    __aeabi_dadd                             0x30003108   ARM Code       0  daddsub_noclz.o(x$fpl$dadd)
    _dadd                                    0x30003108   ARM Code     336  daddsub_noclz.o(x$fpl$dadd)
    __aeabi_ddiv                             0x3000325c   ARM Code       0  ddiv.o(x$fpl$ddiv)
    _ddiv                                    0x3000325c   ARM Code     600  ddiv.o(x$fpl$ddiv)
    __aeabi_d2iz                             0x3000353c   ARM Code       0  dfix.o(x$fpl$dfix)
    _dfix                                    0x3000353c   ARM Code     112  dfix.o(x$fpl$dfix)
    __aeabi_i2d                              0x300035ac   ARM Code       0  dflt_noclz.o(x$fpl$dflt)
    _dflt                                    0x300035ac   ARM Code      88  dflt_noclz.o(x$fpl$dflt)
    __dflt_normalise                         0x300035bc   ARM Code       0  dflt_noclz.o(x$fpl$dflt)
    __fpl_dnaninf                            0x30003604   ARM Code     192  dnaninf.o(x$fpl$dnaninf)
    __fpl_dretinf                            0x300036c4   ARM Code      16  dretinf.o(x$fpl$dretinf)
    __aeabi_dsub                             0x300036d4   ARM Code       0  daddsub_noclz.o(x$fpl$dsub)
    _dsub                                    0x300036d4   ARM Code     576  daddsub_noclz.o(x$fpl$dsub)
    Inline Thumb to ARM Veneer to __ieee_status 0x30003919   Thumb Code     4  istatus.o(x$fpl$ieeestatus)
    __ieee_status                            0x3000391c   ARM Code       8  istatus.o(x$fpl$ieeestatus)
    _printf_fp_dec                           0x30003924   ARM Code       4  printf1.o(x$fpl$printf1)
    __I$use$fp                               0x30003928   Number         0  usenofp.o(x$fpl$usenofp)
    Region$$Table$$Base                      0x30003ad8   Number         0  anon$$obj.o(Region$$Table)
    Region$$Table$$Limit                     0x30003af8   Number         0  anon$$obj.o(Region$$Table)
    __ctype                                  0x30003b05   Data           0  lc_ctype_c.o(locale$$data)
    f_nWhichUart                             0x30010004   Data           4  2410lib.o(.data)
    Image$$RW_ZI$$ZI$$Limit                  0x30010008   Data           1  2410lib.o(.data)
    nCNT                                     0x3001000c   Data           4  sys_init.o(.data)
    __libspace_start                         0x30010010   Data          96  libspace.o(.bss)
    __temporary_stack_top$libspace           0x30010070   Data           0  libspace.o(.bss)



==============================================================================

Memory Map of the image

  Image Entry point : 0x300001f4

  Load Region LR_ROM1 (Base: 0x30000000, Size: 0x00003c34, Max: 0x00010000, ABSOLUTE)

    Execution Region ER_ROM1 (Exec base: 0x30000000, Load base: 0x30000000, Size: 0x00003c24, Max: 0x00010000, ABSOLUTE)

    Exec Addr    Load Addr    Size         Type   Attr      Idx    E Section Name        Object

    0x30000000   0x30000000   0x000001f4   Code   RO            3    RESET               s3c2410a.o
    0x300001f4   0x300001f4   0x00000008   Code   RO          163  * !!!main             c_t.l(__main.o)
    0x300001fc   0x300001fc   0x0000003c   Code   RO          530    !!!scatter          c_t.l(__scatter.o)
    0x30000238   0x30000238   0x00000028   Code   RO          532    !!handler_copy      c_t.l(__scatter_copy.o)
    0x30000260   0x30000260   0x0000002c   Code   RO          534    !!handler_zi        c_t.l(__scatter_zi.o)
    0x3000028c   0x3000028c   0x00000004   Ven    RO          286    .ARM.Collect$$_printf_percent$$00000000  c_t.l(_printf_percent.o)
    0x30000290   0x30000290   0x00000000   Code   RO          286    .ARM.Collect$$_printf_percent$$00000000  c_t.l(_printf_percent.o)
    0x30000290   0x30000290   0x00000008   Code   RO          275    .ARM.Collect$$_printf_percent$$00000001  c_t.l(_printf_n.o)
    0x30000298   0x30000298   0x00000008   Code   RO          277    .ARM.Collect$$_printf_percent$$00000002  c_t.l(_printf_p.o)
    0x300002a0   0x300002a0   0x00000008   Code   RO          282    .ARM.Collect$$_printf_percent$$00000003  c_t.l(_printf_f.o)
    0x300002a8   0x300002a8   0x00000008   Code   RO          283    .ARM.Collect$$_printf_percent$$00000004  c_t.l(_printf_e.o)
    0x300002b0   0x300002b0   0x00000008   Code   RO          284    .ARM.Collect$$_printf_percent$$00000005  c_t.l(_printf_g.o)
    0x300002b8   0x300002b8   0x00000008   Code   RO          285    .ARM.Collect$$_printf_percent$$00000006  c_t.l(_printf_a.o)
    0x300002c0   0x300002c0   0x0000000c   Code   RO          290    .ARM.Collect$$_printf_percent$$00000007  c_t.l(_printf_ll.o)
    0x300002cc   0x300002cc   0x00000008   Code   RO          279    .ARM.Collect$$_printf_percent$$00000008  c_t.l(_printf_i.o)
    0x300002d4   0x300002d4   0x00000008   Code   RO          280    .ARM.Collect$$_printf_percent$$00000009  c_t.l(_printf_d.o)
    0x300002dc   0x300002dc   0x00000008   Code   RO          281    .ARM.Collect$$_printf_percent$$0000000A  c_t.l(_printf_u.o)
    0x300002e4   0x300002e4   0x00000008   Code   RO          278    .ARM.Collect$$_printf_percent$$0000000B  c_t.l(_printf_o.o)
    0x300002ec   0x300002ec   0x00000008   Code   RO          276    .ARM.Collect$$_printf_percent$$0000000C  c_t.l(_printf_x.o)
    0x300002f4   0x300002f4   0x00000008   Code   RO          287    .ARM.Collect$$_printf_percent$$0000000D  c_t.l(_printf_lli.o)
    0x300002fc   0x300002fc   0x00000008   Code   RO          288    .ARM.Collect$$_printf_percent$$0000000E  c_t.l(_printf_lld.o)
    0x30000304   0x30000304   0x00000008   Code   RO          289    .ARM.Collect$$_printf_percent$$0000000F  c_t.l(_printf_llu.o)
    0x3000030c   0x3000030c   0x00000008   Code   RO          294    .ARM.Collect$$_printf_percent$$00000010  c_t.l(_printf_llo.o)
    0x30000314   0x30000314   0x00000008   Code   RO          295    .ARM.Collect$$_printf_percent$$00000011  c_t.l(_printf_llx.o)
    0x3000031c   0x3000031c   0x0000000c   Code   RO          291    .ARM.Collect$$_printf_percent$$00000012  c_t.l(_printf_l.o)
    0x30000328   0x30000328   0x00000008   Code   RO          273    .ARM.Collect$$_printf_percent$$00000013  c_t.l(_printf_c.o)
    0x30000330   0x30000330   0x00000008   Code   RO          274    .ARM.Collect$$_printf_percent$$00000014  c_t.l(_printf_s.o)
    0x30000338   0x30000338   0x00000008   Code   RO          292    .ARM.Collect$$_printf_percent$$00000015  c_t.l(_printf_lc.o)
    0x30000340   0x30000340   0x00000008   Code   RO          293    .ARM.Collect$$_printf_percent$$00000016  c_t.l(_printf_ls.o)
    0x30000348   0x30000348   0x00000008   Code   RO          344    .ARM.Collect$$_printf_percent$$00000017  c_t.l(_printf_percent_end.o)
    0x30000350   0x30000350   0x00000008   Ven    RO          447    .ARM.Collect$$libinit$$00000000  c_t.l(libinit.o)
    0x30000358   0x30000358   0x00000002   Code   RO          447    .ARM.Collect$$libinit$$00000000  c_t.l(libinit.o)
    0x3000035a   0x3000035a   0x00000000   Code   RO          356    .ARM.Collect$$libinit$$00000002  c_t.l(libinit2.o)
    0x3000035a   0x3000035a   0x00000000   Code   RO          358    .ARM.Collect$$libinit$$00000004  c_t.l(libinit2.o)
    0x3000035a   0x3000035a   0x00000000   Code   RO          361    .ARM.Collect$$libinit$$0000000A  c_t.l(libinit2.o)
    0x3000035a   0x3000035a   0x00000000   Code   RO          363    .ARM.Collect$$libinit$$0000000C  c_t.l(libinit2.o)
    0x3000035a   0x3000035a   0x00000000   Code   RO          365    .ARM.Collect$$libinit$$0000000E  c_t.l(libinit2.o)
    0x3000035a   0x3000035a   0x00000006   Code   RO          366    .ARM.Collect$$libinit$$0000000F  c_t.l(libinit2.o)
    0x30000360   0x30000360   0x00000000   Code   RO          368    .ARM.Collect$$libinit$$00000011  c_t.l(libinit2.o)
    0x30000360   0x30000360   0x0000000c   Code   RO          369    .ARM.Collect$$libinit$$00000012  c_t.l(libinit2.o)
    0x3000036c   0x3000036c   0x00000000   Code   RO          370    .ARM.Collect$$libinit$$00000013  c_t.l(libinit2.o)
    0x3000036c   0x3000036c   0x00000000   Code   RO          372    .ARM.Collect$$libinit$$00000015  c_t.l(libinit2.o)
    0x3000036c   0x3000036c   0x0000000a   Code   RO          373    .ARM.Collect$$libinit$$00000016  c_t.l(libinit2.o)
    0x30000376   0x30000376   0x00000000   Code   RO          374    .ARM.Collect$$libinit$$00000017  c_t.l(libinit2.o)
    0x30000376   0x30000376   0x00000000   Code   RO          376    .ARM.Collect$$libinit$$00000019  c_t.l(libinit2.o)
    0x30000376   0x30000376   0x00000000   Code   RO          378    .ARM.Collect$$libinit$$0000001B  c_t.l(libinit2.o)
    0x30000376   0x30000376   0x00000000   Code   RO          380    .ARM.Collect$$libinit$$0000001D  c_t.l(libinit2.o)
    0x30000376   0x30000376   0x00000000   Code   RO          382    .ARM.Collect$$libinit$$0000001F  c_t.l(libinit2.o)
    0x30000376   0x30000376   0x00000000   Code   RO          384    .ARM.Collect$$libinit$$00000021  c_t.l(libinit2.o)
    0x30000376   0x30000376   0x00000000   Code   RO          386    .ARM.Collect$$libinit$$00000023  c_t.l(libinit2.o)
    0x30000376   0x30000376   0x00000000   Code   RO          388    .ARM.Collect$$libinit$$00000025  c_t.l(libinit2.o)
    0x30000376   0x30000376   0x00000000   Code   RO          392    .ARM.Collect$$libinit$$0000002C  c_t.l(libinit2.o)
    0x30000376   0x30000376   0x00000000   Code   RO          394    .ARM.Collect$$libinit$$0000002E  c_t.l(libinit2.o)
    0x30000376   0x30000376   0x00000000   Code   RO          396    .ARM.Collect$$libinit$$00000030  c_t.l(libinit2.o)
    0x30000376   0x30000376   0x00000000   Code   RO          398    .ARM.Collect$$libinit$$00000032  c_t.l(libinit2.o)
    0x30000376   0x30000376   0x0000000c   Code   RO          399    .ARM.Collect$$libinit$$00000033  c_t.l(libinit2.o)
    0x30000382   0x30000382   0x00000002   PAD
    0x30000384   0x30000384   0x00000008   Ven    RO          498    .ARM.Collect$$libshutdown$$00000000  c_t.l(libshutdown.o)
    0x3000038c   0x3000038c   0x00000004   Code   RO          498    .ARM.Collect$$libshutdown$$00000000  c_t.l(libshutdown.o)
    0x30000390   0x30000390   0x00000000   Code   RO          514    .ARM.Collect$$libshutdown$$00000002  c_t.l(libshutdown2.o)
    0x30000390   0x30000390   0x00000000   Code   RO          516    .ARM.Collect$$libshutdown$$00000004  c_t.l(libshutdown2.o)
    0x30000390   0x30000390   0x00000000   Code   RO          519    .ARM.Collect$$libshutdown$$00000007  c_t.l(libshutdown2.o)
    0x30000390   0x30000390   0x00000000   Code   RO          522    .ARM.Collect$$libshutdown$$0000000A  c_t.l(libshutdown2.o)
    0x30000390   0x30000390   0x00000000   Code   RO          524    .ARM.Collect$$libshutdown$$0000000C  c_t.l(libshutdown2.o)
    0x30000390   0x30000390   0x00000000   Code   RO          527    .ARM.Collect$$libshutdown$$0000000F  c_t.l(libshutdown2.o)
    0x30000390   0x30000390   0x00000006   Code   RO          528    .ARM.Collect$$libshutdown$$00000010  c_t.l(libshutdown2.o)
    0x30000396   0x30000396   0x00000002   PAD
    0x30000398   0x30000398   0x00000000   Code   RO          183    .ARM.Collect$$rtentry$$00000000  c_t.l(__rtentry.o)
    0x30000398   0x30000398   0x00000000   Code   RO          312    .ARM.Collect$$rtentry$$00000002  c_t.l(__rtentry2.o)
    0x30000398   0x30000398   0x00000008   Code   RO          324    .ARM.Collect$$rtentry$$00000004  c_t.l(__rtentry4.o)
    0x300003a0   0x300003a0   0x00000000   Code   RO          314    .ARM.Collect$$rtentry$$00000009  c_t.l(__rtentry2.o)
    0x300003a0   0x300003a0   0x00000004   Code   RO          315    .ARM.Collect$$rtentry$$0000000A  c_t.l(__rtentry2.o)
    0x300003a4   0x300003a4   0x00000000   Code   RO          317    .ARM.Collect$$rtentry$$0000000C  c_t.l(__rtentry2.o)
    0x300003a4   0x300003a4   0x00000028   Code   RO          318    .ARM.Collect$$rtentry$$0000000D  c_t.l(__rtentry2.o)
    0x300003cc   0x300003cc   0x00000004   Ven    RO          454    .ARM.Collect$$rtexit$$00000000  c_t.l(rtexit.o)
    0x300003d0   0x300003d0   0x00000004   Code   RO          454    .ARM.Collect$$rtexit$$00000000  c_t.l(rtexit.o)
    0x300003d4   0x300003d4   0x00000000   Code   RO          471    .ARM.Collect$$rtexit$$00000002  c_t.l(rtexit2.o)
    0x300003d4   0x300003d4   0x00000004   Code   RO          472    .ARM.Collect$$rtexit$$00000003  c_t.l(rtexit2.o)
    0x300003d8   0x300003d8   0x00000008   Code   RO          473    .ARM.Collect$$rtexit$$00000004  c_t.l(rtexit2.o)
    0x300003e0   0x300003e0   0x00000024   Code   RO            4    .text               s3c2410a.o
    0x30000404   0x30000404   0x00000010   Code   RO           11    .text               main.o
    0x30000414   0x30000414   0x00000118   Code   RO           46    .text               led_test.o
    0x3000052c   0x3000052c   0x00000b44   Code   RO           62    .text               2410lib.o
    0x30001070   0x30001070   0x00000474   Code   RO          112    .text               sys_init.o
    0x300014e4   0x300014e4   0x00000004   Ven    RO          137    .text               c_t.l(rt_ctype_table.o)
    0x300014e8   0x300014e8   0x00000018   Code   RO          137    .text               c_t.l(rt_ctype_table.o)
    0x30001500   0x30001500   0x00000008   Ven    RO          139    .text               c_t.l(c89vsprintf.o)
    0x30001508   0x30001508   0x00000028   Code   RO          139    .text               c_t.l(c89vsprintf.o)
    0x30001530   0x30001530   0x00000008   Ven    RO          141    .text               c_t.l(atoi.o)
    0x30001538   0x30001538   0x0000001e   Code   RO          141    .text               c_t.l(atoi.o)
    0x30001556   0x30001556   0x00000002   PAD
    0x30001558   0x30001558   0x00000008   Ven    RO          143    .text               c_t.l(strlen.o)
    0x30001560   0x30001560   0x00000044   Code   RO          143    .text               c_t.l(strlen.o)
    0x300015a4   0x300015a4   0x00000004   Ven    RO          145    .text               c_t.l(aeabi_sdiv.o)
    0x300015a8   0x300015a8   0x00000180   Code   RO          145    .text               c_t.l(aeabi_sdiv.o)
    0x30001728   0x30001728   0x00000006   Code   RO          161    .text               c_t.l(heapauxi.o)
    0x3000172e   0x3000172e   0x00000002   PAD
    0x30001730   0x30001730   0x00000004   Ven    RO          191    .text               c_t.l(rt_locale_intlibspace.o)
    0x30001734   0x30001734   0x0000000c   Code   RO          191    .text               c_t.l(rt_locale_intlibspace.o)
    0x30001740   0x30001740   0x00000004   Ven    RO          196    .text               c_t.l(rt_errno_addr_intlibspace.o)
    0x30001744   0x30001744   0x0000000c   Code   RO          196    .text               c_t.l(rt_errno_addr_intlibspace.o)
    0x30001750   0x30001750   0x00000056   Code   RO          204    .text               c_t.l(_printf_pad.o)
    0x300017a6   0x300017a6   0x0000002c   Code   RO          206    .text               c_t.l(_printf_truncate.o)
    0x300017d2   0x300017d2   0x00000058   Code   RO          208    .text               c_t.l(_printf_str.o)
    0x3000182a   0x3000182a   0x00000002   PAD
    0x3000182c   0x3000182c   0x00000008   Ven    RO          210    .text               c_t.l(_printf_dec.o)
    0x30001834   0x30001834   0x00000070   Code   RO          210    .text               c_t.l(_printf_dec.o)
    0x300018a4   0x300018a4   0x00000008   Ven    RO          212    .text               c_t.l(_printf_charcount.o)
    0x300018ac   0x300018ac   0x00000026   Code   RO          212    .text               c_t.l(_printf_charcount.o)
    0x300018d2   0x300018d2   0x00000002   PAD
    0x300018d4   0x300018d4   0x00000030   Code   RO          214    .text               c_t.l(_printf_char_common.o)
    0x30001904   0x30001904   0x0000000a   Code   RO          216    .text               c_t.l(_sputc.o)
    0x3000190e   0x3000190e   0x00000002   PAD
    0x30001910   0x30001910   0x000000c0   Code   RO          218    .text               c_t.l(_printf_wctomb.o)
    0x300019d0   0x300019d0   0x00000008   Ven    RO          224    .text               c_t.l(_printf_longlong_dec.o)
    0x300019d8   0x300019d8   0x00000074   Code   RO          224    .text               c_t.l(_printf_longlong_dec.o)
    0x30001a4c   0x30001a4c   0x00000008   Ven    RO          230    .text               c_t.l(_printf_oct_int_ll.o)
    0x30001a54   0x30001a54   0x00000078   Code   RO          230    .text               c_t.l(_printf_oct_int_ll.o)
    0x30001acc   0x30001acc   0x00000008   Ven    RO          250    .text               c_t.l(_printf_hex_int_ll_ptr.o)
    0x30001ad4   0x30001ad4   0x000000a0   Code   RO          250    .text               c_t.l(_printf_hex_int_ll_ptr.o)
    0x30001b74   0x30001b74   0x0000019c   Code   RO          270    .text               c_t.l(__printf_flags_ss_wp.o)
    0x30001d10   0x30001d10   0x00000074   Code   RO          296    .text               c_t.l(strtol.o)
    0x30001d84   0x30001d84   0x0000000c   Code   RO          308    .text               c_t.l(libspace.o)
    0x30001d90   0x30001d90   0x00000004   Ven    RO          328    .text               c_t.l(lludiv10.o)
    0x30001d94   0x30001d94   0x000000a0   Code   RO          328    .text               c_t.l(lludiv10.o)
    0x30001e34   0x30001e34   0x000000ba   Code   RO          330    .text               c_t.l(_printf_intcommon.o)
    0x30001eee   0x30001eee   0x00000002   PAD
    0x30001ef0   0x30001ef0   0x00000420   Code   RO          332    .text               c_t.l(_printf_fp_dec.o)
    0x30002310   0x30002310   0x00000008   Ven    RO          340    .text               c_t.l(_printf_char.o)
    0x30002318   0x30002318   0x00000032   Code   RO          340    .text               c_t.l(_printf_char.o)
    0x3000234a   0x3000234a   0x00000002   PAD
    0x3000234c   0x3000234c   0x00000008   Ven    RO          342    .text               c_t.l(_printf_wchar.o)
    0x30002354   0x30002354   0x00000032   Code   RO          342    .text               c_t.l(_printf_wchar.o)
    0x30002386   0x30002386   0x000000ac   Code   RO          345    .text               c_t.l(_strtoul.o)
    0x30002432   0x30002432   0x00000046   Code   RO          347    .text               c_t.l(_wcrtomb.o)
    0x30002478   0x30002478   0x000000f4   Code   RO          351    .text               c_t.l(strcmp.o)
    0x3000256c   0x3000256c   0x00000004   Ven    RO          353    .text               c_t.l(rtudiv10.o)
    0x30002570   0x30002570   0x0000002c   Code   RO          353    .text               c_t.l(rtudiv10.o)
    0x3000259c   0x3000259c   0x00000060   Code   RO          400    .text               c_t.l(sys_stackheap_outer.o)
    0x300025fc   0x300025fc   0x00000090   Code   RO          402    .text               c_t.l(_printf_fp_infnan.o)
    0x3000268c   0x3000268c   0x0000001e   Code   RO          404    .text               c_t.l(_chval.o)
    0x300026aa   0x300026aa   0x00000002   PAD
    0x300026ac   0x300026ac   0x000000dc   Code   RO          406    .text               c_t.l(bigflt0.o)
    0x30002788   0x30002788   0x00000014   Code   RO          434    .text               c_t.l(exit.o)
    0x3000279c   0x3000279c   0x00000008   Ven    RO          468    .text               c_t.l(sys_exit.o)
    0x300027a4   0x300027a4   0x0000000c   Code   RO          468    .text               c_t.l(sys_exit.o)
    0x300027b0   0x300027b0   0x00000004   Code   RO          489    .text               c_t.l(use_no_semi.o)
    0x300027b4   0x300027b4   0x00000000   Code   RO          491    .text               c_t.l(indicate_semi.o)
    0x300027b4   0x300027b4   0x00000004   Ven    RO          409    CL$$btod_d2e        c_t.l(btod.o)
    0x300027b8   0x300027b8   0x00000038   Code   RO          409    CL$$btod_d2e        c_t.l(btod.o)
    0x300027f0   0x300027f0   0x00000054   Code   RO          411    CL$$btod_d2e_denorm_low  c_t.l(btod.o)
    0x30002844   0x30002844   0x00000068   Code   RO          410    CL$$btod_d2e_norm_op1  c_t.l(btod.o)
    0x300028ac   0x300028ac   0x0000034c   Code   RO          419    CL$$btod_div_common  c_t.l(btod.o)
    0x30002bf8   0x30002bf8   0x000000f4   Code   RO          416    CL$$btod_e2e        c_t.l(btod.o)
    0x30002cec   0x30002cec   0x00000004   Ven    RO          413    CL$$btod_ediv       c_t.l(btod.o)
    0x30002cf0   0x30002cf0   0x00000038   Code   RO          413    CL$$btod_ediv       c_t.l(btod.o)
    0x30002d28   0x30002d28   0x00000004   Ven    RO          412    CL$$btod_emul       c_t.l(btod.o)
    0x30002d2c   0x30002d2c   0x00000038   Code   RO          412    CL$$btod_emul       c_t.l(btod.o)
    0x30002d64   0x30002d64   0x00000268   Code   RO          418    CL$$btod_mult_common  c_t.l(btod.o)
    0x30002fcc   0x30002fcc   0x0000000c   Ven    RO          564    Veneer$$Code        anon$$obj.o
    0x30002fd8   0x30002fd8   0x0000000c   Ven    RO          565    Veneer$$Code        anon$$obj.o
    0x30002fe4   0x30002fe4   0x0000000c   Ven    RO          566    Veneer$$Code        anon$$obj.o
    0x30002ff0   0x30002ff0   0x0000000c   Ven    RO          567    Veneer$$Code        anon$$obj.o
    0x30002ffc   0x30002ffc   0x0000000c   Ven    RO          568    Veneer$$Code        anon$$obj.o
    0x30003008   0x30003008   0x0000000c   Ven    RO          569    Veneer$$Code        anon$$obj.o
    0x30003014   0x30003014   0x00000002   Code   RO          202    i.__ARM_common_call_via_r1  c_t.l(__printf.o)
    0x30003016   0x30003016   0x00000002   Code   RO          222    i.__ARM_common_call_via_r2  c_t.l(_printf_wctomb.o)
    0x30003018   0x30003018   0x00000002   Code   RO          349    i.__ARM_common_call_via_r3  c_t.l(_wcrtomb.o)
    0x3000301a   0x3000301a   0x00000002   PAD
    0x3000301c   0x3000301c   0x00000004   Ven    RO          452    i.__ARM_fpclassify  m_ts.l(fpclassify.o)
    0x30003020   0x30003020   0x00000030   Code   RO          452    i.__ARM_fpclassify  m_ts.l(fpclassify.o)
    0x30003050   0x30003050   0x0000000e   Code   RO          263    i._is_digit         c_t.l(__printf_wp.o)
    0x3000305e   0x3000305e   0x00000002   PAD
    0x30003060   0x30003060   0x00000004   Ven    RO          299    locale$$code        c_t.l(lc_ctype_c.o)
    0x30003064   0x30003064   0x00000050   Code   RO          299    locale$$code        c_t.l(lc_ctype_c.o)
    0x300030b4   0x300030b4   0x00000004   Ven    RO          432    locale$$code        c_t.l(lc_numeric_c.o)
    0x300030b8   0x300030b8   0x00000050   Code   RO          432    locale$$code        c_t.l(lc_numeric_c.o)
    0x30003108   0x30003108   0x00000154   Code   RO          165    x$fpl$dadd          fz_ts.l(daddsub_noclz.o)
    0x3000325c   0x3000325c   0x000002e0   Code   RO          172    x$fpl$ddiv          fz_ts.l(ddiv.o)
    0x3000353c   0x3000353c   0x00000070   Code   RO          175    x$fpl$dfix          fz_ts.l(dfix.o)
    0x300035ac   0x300035ac   0x00000058   Code   RO          180    x$fpl$dflt          fz_ts.l(dflt_noclz.o)
    0x30003604   0x30003604   0x000000c0   Code   RO          301    x$fpl$dnaninf       fz_ts.l(dnaninf.o)
    0x300036c4   0x300036c4   0x00000010   Code   RO          303    x$fpl$dretinf       fz_ts.l(dretinf.o)
    0x300036d4   0x300036d4   0x00000244   Code   RO          167    x$fpl$dsub          fz_ts.l(daddsub_noclz.o)
    0x30003918   0x30003918   0x00000004   Ven    RO          450    x$fpl$ieeestatus    fz_ts.l(istatus.o)
    0x3000391c   0x3000391c   0x00000008   Code   RO          450    x$fpl$ieeestatus    fz_ts.l(istatus.o)
    0x30003924   0x30003924   0x00000004   Code   RO          305    x$fpl$printf1       fz_ts.l(printf1.o)
    0x30003928   0x30003928   0x00000000   Code   RO          307    x$fpl$usenofp       fz_ts.l(usenofp.o)
    0x30003928   0x30003928   0x00000008   Data   RO          219    .constdata          c_t.l(_printf_wctomb.o)
    0x30003930   0x30003930   0x00000028   Data   RO          251    .constdata          c_t.l(_printf_hex_int_ll_ptr.o)
    0x30003958   0x30003958   0x00000011   Data   RO          271    .constdata          c_t.l(__printf_flags_ss_wp.o)
    0x30003969   0x30003969   0x00000003   PAD
    0x3000396c   0x3000396c   0x00000094   Data   RO          407    .constdata          c_t.l(bigflt0.o)
    0x30003a00   0x30003a00   0x000000d6   Data   RO          113    .conststring        sys_init.o
    0x30003ad6   0x30003ad6   0x00000002   PAD
    0x30003ad8   0x30003ad8   0x00000020   Data   RO          529    Region$$Table       anon$$obj.o
    0x30003af8   0x30003af8   0x00000110   Data   RO          298    locale$$data        c_t.l(lc_ctype_c.o)
    0x30003c08   0x30003c08   0x0000001c   Data   RO          431    locale$$data        c_t.l(lc_numeric_c.o)


    Execution Region RW_RAM1 (Exec base: 0x30010000, Load base: 0x30003c24, Size: 0x0000b870, Max: 0x00010000, ABSOLUTE)

    Exec Addr    Load Addr    Size         Type   Attr      Idx    E Section Name        Object

    0x30010000   0x30003c24   0x00000009   Data   RW           63    .data               2410lib.o
    0x30010009   0x30003c2d   0x00000003   PAD
    0x3001000c   0x30003c30   0x00000004   Data   RW          114    .data               sys_init.o
    0x30010010        -       0x00000060   Zero   RW          309    .bss                c_t.l(libspace.o)
    0x30010070        -       0x00004800   Zero   RW            2    HEAP                s3c2410a.o
    0x30014870        -       0x00007000   Zero   RW            1    STACK               s3c2410a.o


==============================================================================

Image component sizes


      Code (inc. data)   RO Data    RW Data    ZI Data      Debug   Object Name

      2884        104          0          9          0       8524   2410lib.o
       280         84          0          0          0        678   led_test.o
        16          0          0          0          0       1859   main.o
       536        208          0          0      47104        588   s3c2410a.o
      1140        244        214          4          0       2192   sys_init.o

    ----------------------------------------------------------------------
      4928        664        248         16      47104      13841   Object Totals
        72         24         32          0          0          0   (incl. Generated)
         0          0          2          3          0          0   (incl. Padding)

    ----------------------------------------------------------------------

      Code (inc. data)   RO Data    RW Data    ZI Data      Debug   Library Member Name

         8          0          0          0          0         68   __main.o
         2          0          0          0          0         60   __printf.o
       412          6         17          0          0         92   __printf_flags_ss_wp.o
        14          0          0          0          0         60   __printf_wp.o
         0          0          0          0          0          0   __rtentry.o
        44          4          0          0          0          0   __rtentry2.o
         8          0          0          0          0          0   __rtentry4.o
        60          8          0          0          0          0   __scatter.o
        40          0          0          0          0          0   __scatter_copy.o
        44          0          0          0          0          0   __scatter_zi.o
        30          0          0          0          0         60   _chval.o
         8          0          0          0          0          0   _printf_a.o
         8          0          0          0          0          0   _printf_c.o
        58          0          0          0          0        112   _printf_char.o
        48          4          0          0          0         96   _printf_char_common.o
        46          0          0          0          0         60   _printf_charcount.o
         8          0          0          0          0          0   _printf_d.o
       120         18          0          0          0         88   _printf_dec.o
         8          0          0          0          0          0   _printf_e.o
         8          0          0          0          0          0   _printf_f.o
      1056         12          0          0          0        188   _printf_fp_dec.o
       144         16          0          0          0         88   _printf_fp_infnan.o
         8          0          0          0          0          0   _printf_g.o
       168          4         40          0          0        176   _printf_hex_int_ll_ptr.o
         8          0          0          0          0          0   _printf_i.o
       186          0          0          0          0         96   _printf_intcommon.o
        12          0          0          0          0          0   _printf_l.o
         8          0          0          0          0          0   _printf_lc.o
        12          0          0          0          0          0   _printf_ll.o
         8          0          0          0          0          0   _printf_lld.o
         8          0          0          0          0          0   _printf_lli.o
         8          0          0          0          0          0   _printf_llo.o
         8          0          0          0          0          0   _printf_llu.o
         8          0          0          0          0          0   _printf_llx.o
       124         18          0          0          0         88   _printf_longlong_dec.o
         8          0          0          0          0          0   _printf_ls.o
         8          0          0          0          0          0   _printf_n.o
         8          0          0          0          0          0   _printf_o.o
       128         10          0          0          0        136   _printf_oct_int_ll.o
         8          0          0          0          0          0   _printf_p.o
        86          0          0          0          0        116   _printf_pad.o
         4          0          0          0          0          0   _printf_percent.o
         8          0          0          0          0          0   _printf_percent_end.o
         8          0          0          0          0          0   _printf_s.o
        88          0          0          0          0         84   _printf_str.o
        44          0          0          0          0         76   _printf_truncate.o
         8          0          0          0          0          0   _printf_u.o
        58          0          0          0          0        112   _printf_wchar.o
       194          4          8          0          0        156   _printf_wctomb.o
         8          0          0          0          0          0   _printf_x.o
        10          0          0          0          0         60   _sputc.o
       172          0          0          0          0         96   _strtoul.o
        72          0          0          0          0        148   _wcrtomb.o
       388          0          0          0          0         80   aeabi_sdiv.o
        38          0          0          0          0         84   atoi.o
       220          6        148          0          0         96   bigflt0.o
      2072        128          0          0          0        700   btod.o
        48          4          0          0          0         80   c89vsprintf.o
        20          0          0          0          0         80   exit.o
         6          0          0          0          0        136   heapauxi.o
         0          0          0          0          0          0   indicate_semi.o
        84          8        272          0          0         92   lc_ctype_c.o
        84          8         28          0          0         92   lc_numeric_c.o
        10          0          0          0          0          0   libinit.o
        40          0          0          0          0          0   libinit2.o
        12          0          0          0          0          0   libshutdown.o
         6          0          0          0          0          0   libshutdown2.o
        12          4          0          0         96         68   libspace.o
       164          0          0          0          0         96   lludiv10.o
        28          4          0          0          0         84   rt_ctype_table.o
        16          4          0          0          0         68   rt_errno_addr_intlibspace.o
        16          4          0          0          0         68   rt_locale_intlibspace.o
         8          0          0          0          0          0   rtexit.o
        12          0          0          0          0          0   rtexit2.o
        48          0          0          0          0         68   rtudiv10.o
       244          4          0          0          0         80   strcmp.o
        76          4          0          0          0         76   strlen.o
       116          4          0          0          0         92   strtol.o
        20          4          0          0          0         60   sys_exit.o
        96          0          0          0          0         80   sys_stackheap_outer.o
         4          0          0          0          0         68   use_no_semi.o
       920         16          0          0          0        292   daddsub_noclz.o
       736        140          0          0          0        228   ddiv.o
       112          4          0          0          0         92   dfix.o
        88          0          0          0          0         68   dflt_noclz.o
       192          0          0          0          0        108   dnaninf.o
        16          0          0          0          0         68   dretinf.o
        12          0          0          0          0         68   istatus.o
         4          0          0          0          0         68   printf1.o
         0          0          0          0          0          0   usenofp.o
        52          0          0          0          0         68   fpclassify.o

    ----------------------------------------------------------------------
      9704        450        516          0         96       5724   Library Totals
        24          0          3          0          0          0   (incl. Padding)

    ----------------------------------------------------------------------

      Code (inc. data)   RO Data    RW Data    ZI Data      Debug   Library Name

      7548        290        513          0         96       4664   c_t.l
      2080        160          0          0          0        992   fz_ts.l
        52          0          0          0          0         68   m_ts.l

    ----------------------------------------------------------------------
      9704        450        516          0         96       5724   Library Totals

    ----------------------------------------------------------------------

==============================================================================


      Code (inc. data)   RO Data    RW Data    ZI Data      Debug   

     14632       1114        764         16      47200      16489   Grand Totals
     14632       1114        764         16      47200      16489   ELF Image Totals
     14632       1114        764         16          0          0   ROM Totals

==============================================================================

    Total RO  Size (Code + RO Data)                15396 (  15.04kB)
    Total RW  Size (RW Data + ZI Data)             47216 (  46.11kB)
    Total ROM Size (Code + RO Data + RW Data)      15412 (  15.05kB)

==============================================================================

