Build target 'LED_Test IN RAM'
compiling main.c...
compiling led_test.c...
compiling 2410lib.c...
compiling sys_init.c...
linking...
Program Size: Code=16380 RO-data=756 RW-data=20 ZI-data=47204  
".\SDRAM\LED_Test.axf" - 0 Error(s), 0 Warning(s).
Build target 'LED_Test IN RAM'
assembling S3C2410A.s...
compiling main.c...
compiling led_test.c...
compiling 2410lib.c...
compiling sys_init.c...
linking...
Program Size: Code=16376 RO-data=756 RW-data=20 ZI-data=47204  
".\SDRAM\LED_Test.axf" - 0 Error(s), 0 Warning(s).
