<html>
<body>
<pre>
<h1>µVision Build Log</h1>
<h2>Tool Versions:</h2>
IDE-Version: ¶ÃVision V5.25.2.0
Copyright (C) 2018 ARM Ltd and ARM Germany GmbH. All rights reserved.
License Information: keil keil, keil, LIC=58556-DD6SR-RXIUD-8IQPX-8JHCF-E66I4
 
Tool Versions:
Toolchain:       MDK-ARM Plus  Version: 5.25.2.0
Toolchain Path:  C:\Keil_v5\ARM\ARMCC\Bin
C Compiler:      Armcc.exe V5.06 update 6 (build 750)
Assembler:       Armasm.exe V5.06 update 6 (build 750)
Linker/Locator:  ArmLink.exe V5.06 update 6 (build 750)
Library Manager: ArmAr.exe V5.06 update 6 (build 750)
Hex Converter:   FromElf.exe V5.06 update 6 (build 750)
CPU DLL:         SARM.DLL V5.25.2.0
Dialog DLL:      DARMSS9.DLL V1.9.0.0
Target DLL:      UL2ARM.DLL V1.74.10.0
Dialog DLL:      TARMSS9.DLL V1.8.0.0
 
<h2>Project:</h2>
C:\Users\∂°–°∑…\Desktop\ µ—Èœ‰\code for experiment 5-8\code for experiment 5-8\5.2_LED_Test\LED_Test.uvproj
Project File Date:  12/07/2020

<h2>Output:</h2>
*** Using Compiler 'V5.06 update 6 (build 750)', folder: 'C:\Keil_v5\ARM\ARMCC\Bin'
Rebuild target 'LED_Test IN RAM'
assembling S3C2410A.s...
compiling main.c...
compiling led_test.c...
compiling 2410lib.c...
compiling sys_init.c...
linking...
Program Size: Code=14964 RO-data=764 RW-data=20 ZI-data=47204  
".\SDRAM\LED_Test.axf" - 0 Error(s), 0 Warning(s).
Build Time Elapsed:  00:00:01
</pre>
</body>
</html>
